Archive member included to satisfy reference by file (symbol)

c:/st/stm32cubeide_1.7.0/stm32cubeide/plugins/com.st.stm32cube.ide.mcu.externaltools.gnu-tools-for-stm32.9-2020-q2-update.win32_2.0.0.202105311346/tools/bin/../lib/gcc/arm-none-eabi/9.3.1/../../../../arm-none-eabi/lib/thumb/v7-m/nofp\libc_nano.a(lib_a-errno.o)
                              ./Core/Src/syscalls.o (__errno)
c:/st/stm32cubeide_1.7.0/stm32cubeide/plugins/com.st.stm32cube.ide.mcu.externaltools.gnu-tools-for-stm32.9-2020-q2-update.win32_2.0.0.202105311346/tools/bin/../lib/gcc/arm-none-eabi/9.3.1/../../../../arm-none-eabi/lib/thumb/v7-m/nofp\libc_nano.a(lib_a-exit.o)
                              c:/st/stm32cubeide_1.7.0/stm32cubeide/plugins/com.st.stm32cube.ide.mcu.externaltools.gnu-tools-for-stm32.9-2020-q2-update.win32_2.0.0.202105311346/tools/bin/../lib/gcc/arm-none-eabi/9.3.1/../../../../arm-none-eabi/lib/thumb/v7-m/nofp/crt0.o (exit)
c:/st/stm32cubeide_1.7.0/stm32cubeide/plugins/com.st.stm32cube.ide.mcu.externaltools.gnu-tools-for-stm32.9-2020-q2-update.win32_2.0.0.202105311346/tools/bin/../lib/gcc/arm-none-eabi/9.3.1/../../../../arm-none-eabi/lib/thumb/v7-m/nofp\libc_nano.a(lib_a-impure.o)
                              c:/st/stm32cubeide_1.7.0/stm32cubeide/plugins/com.st.stm32cube.ide.mcu.externaltools.gnu-tools-for-stm32.9-2020-q2-update.win32_2.0.0.202105311346/tools/bin/../lib/gcc/arm-none-eabi/9.3.1/../../../../arm-none-eabi/lib/thumb/v7-m/nofp\libc_nano.a(lib_a-exit.o) (_global_impure_ptr)
c:/st/stm32cubeide_1.7.0/stm32cubeide/plugins/com.st.stm32cube.ide.mcu.externaltools.gnu-tools-for-stm32.9-2020-q2-update.win32_2.0.0.202105311346/tools/bin/../lib/gcc/arm-none-eabi/9.3.1/../../../../arm-none-eabi/lib/thumb/v7-m/nofp\libc_nano.a(lib_a-init.o)
                              c:/st/stm32cubeide_1.7.0/stm32cubeide/plugins/com.st.stm32cube.ide.mcu.externaltools.gnu-tools-for-stm32.9-2020-q2-update.win32_2.0.0.202105311346/tools/bin/../lib/gcc/arm-none-eabi/9.3.1/../../../../arm-none-eabi/lib/thumb/v7-m/nofp/crt0.o (__libc_init_array)
c:/st/stm32cubeide_1.7.0/stm32cubeide/plugins/com.st.stm32cube.ide.mcu.externaltools.gnu-tools-for-stm32.9-2020-q2-update.win32_2.0.0.202105311346/tools/bin/../lib/gcc/arm-none-eabi/9.3.1/../../../../arm-none-eabi/lib/thumb/v7-m/nofp\libc_nano.a(lib_a-memset.o)
                              c:/st/stm32cubeide_1.7.0/stm32cubeide/plugins/com.st.stm32cube.ide.mcu.externaltools.gnu-tools-for-stm32.9-2020-q2-update.win32_2.0.0.202105311346/tools/bin/../lib/gcc/arm-none-eabi/9.3.1/../../../../arm-none-eabi/lib/thumb/v7-m/nofp/crt0.o (memset)
c:/st/stm32cubeide_1.7.0/stm32cubeide/plugins/com.st.stm32cube.ide.mcu.externaltools.gnu-tools-for-stm32.9-2020-q2-update.win32_2.0.0.202105311346/tools/bin/../lib/gcc/arm-none-eabi/9.3.1/../../../../arm-none-eabi/lib/thumb/v7-m/nofp\libc_nano.a(lib_a-puts.o)
                              ./Core/Src/input_processing.o (puts)
c:/st/stm32cubeide_1.7.0/stm32cubeide/plugins/com.st.stm32cube.ide.mcu.externaltools.gnu-tools-for-stm32.9-2020-q2-update.win32_2.0.0.202105311346/tools/bin/../lib/gcc/arm-none-eabi/9.3.1/../../../../arm-none-eabi/lib/thumb/v7-m/nofp\libc_nano.a(lib_a-wbuf.o)
                              c:/st/stm32cubeide_1.7.0/stm32cubeide/plugins/com.st.stm32cube.ide.mcu.externaltools.gnu-tools-for-stm32.9-2020-q2-update.win32_2.0.0.202105311346/tools/bin/../lib/gcc/arm-none-eabi/9.3.1/../../../../arm-none-eabi/lib/thumb/v7-m/nofp\libc_nano.a(lib_a-puts.o) (__swbuf_r)
c:/st/stm32cubeide_1.7.0/stm32cubeide/plugins/com.st.stm32cube.ide.mcu.externaltools.gnu-tools-for-stm32.9-2020-q2-update.win32_2.0.0.202105311346/tools/bin/../lib/gcc/arm-none-eabi/9.3.1/../../../../arm-none-eabi/lib/thumb/v7-m/nofp\libc_nano.a(lib_a-wsetup.o)
                              c:/st/stm32cubeide_1.7.0/stm32cubeide/plugins/com.st.stm32cube.ide.mcu.externaltools.gnu-tools-for-stm32.9-2020-q2-update.win32_2.0.0.202105311346/tools/bin/../lib/gcc/arm-none-eabi/9.3.1/../../../../arm-none-eabi/lib/thumb/v7-m/nofp\libc_nano.a(lib_a-puts.o) (__swsetup_r)
c:/st/stm32cubeide_1.7.0/stm32cubeide/plugins/com.st.stm32cube.ide.mcu.externaltools.gnu-tools-for-stm32.9-2020-q2-update.win32_2.0.0.202105311346/tools/bin/../lib/gcc/arm-none-eabi/9.3.1/../../../../arm-none-eabi/lib/thumb/v7-m/nofp\libc_nano.a(lib_a-fflush.o)
                              c:/st/stm32cubeide_1.7.0/stm32cubeide/plugins/com.st.stm32cube.ide.mcu.externaltools.gnu-tools-for-stm32.9-2020-q2-update.win32_2.0.0.202105311346/tools/bin/../lib/gcc/arm-none-eabi/9.3.1/../../../../arm-none-eabi/lib/thumb/v7-m/nofp\libc_nano.a(lib_a-wbuf.o) (_fflush_r)
c:/st/stm32cubeide_1.7.0/stm32cubeide/plugins/com.st.stm32cube.ide.mcu.externaltools.gnu-tools-for-stm32.9-2020-q2-update.win32_2.0.0.202105311346/tools/bin/../lib/gcc/arm-none-eabi/9.3.1/../../../../arm-none-eabi/lib/thumb/v7-m/nofp\libc_nano.a(lib_a-findfp.o)
[...]
Memory Configuration

Name             Origin             Length             Attributes
RAM              0x0000000020000000 0x0000000000002800 xrw
FLASH            0x0000000008000000 0x0000000000008000 xr
*default*        0x0000000000000000 0xffffffffffffffff

Linker script and memory map

LOAD c:/st/stm32cubeide_1.7.0/stm32cubeide/plugins/com.st.stm32cube.ide.mcu.externaltools.gnu-tools-for-stm32.9-2020-q2-update.win32_2.0.0.202105311346/tools/bin/../lib/gcc/arm-none-eabi/9.3.1/thumb/v7-m/nofp/crti.o
LOAD c:/st/stm32cubeide_1.7.0/stm32cubeide/plugins/com.st.stm32cube.ide.mcu.externaltools.gnu-tools-for-stm32.9-2020-q2-update.win32_2.0.0.202105311346/tools/bin/../lib/gcc/arm-none-eabi/9.3.1/thumb/v7-m/nofp/crtbegin.o
LOAD c:/st/stm32cubeide_1.7.0/stm32cubeide/plugins/com.st.stm32cube.ide.mcu.externaltools.gnu-tools-for-stm32.9-2020-q2-update.win32_2.0.0.202105311346/tools/bin/../lib/gcc/arm-none-eabi/9.3.1/../../../../arm-none-eabi/lib/thumb/v7-m/nofp/crt0.o
LOAD ./Core/Src/global.o
LOAD ./Core/Src/input_processing.o
LOAD ./Core/Src/input_reading.o
LOAD ./Core/Src/led7seg.o
LOAD ./Core/Src/main.o
LOAD ./Core/Src/software_timer.o
LOAD ./Core/Src/stm32f1xx_hal_msp.o
LOAD ./Core/Src/stm32f1xx_it.o
LOAD ./Core/Src/syscalls.o
LOAD ./Core/Src/sysmem.o
LOAD ./Core/Src/system_stm32f1xx.o
LOAD ./Core/Src/timer.o
LOAD ./Core/Src/traffic_light_processing.o
LOAD ./Core/Startup/startup_stm32f103c6ux.o
LOAD ./Drivers/STM32F1xx_HAL_Driver/Src/stm32f1xx_hal.o
LOAD ./Drivers/STM32F1xx_HAL_Driver/Src/stm32f1xx_hal_cortex.o
LOAD ./Drivers/STM32F1xx_HAL_Driver/Src/stm32f1xx_hal_dma.o
LOAD ./Drivers/STM32F1xx_HAL_Driver/Src/stm32f1xx_hal_exti.o
LOAD ./Drivers/STM32F1xx_HAL_Driver/Src/stm32f1xx_hal_flash.o
LOAD ./Drivers/STM32F1xx_HAL_Driver/Src/stm32f1xx_hal_flash_ex.o
LOAD ./Drivers/STM32F1xx_HAL_Driver/Src/stm32f1xx_hal_gpio.o
LOAD ./Drivers/STM32F1xx_HAL_Driver/Src/stm32f1xx_hal_gpio_ex.o
LOAD ./Drivers/STM32F1xx_HAL_Driver/Src/stm32f1xx_hal_pwr.o
LOAD ./Drivers/STM32F1xx_HAL_Driver/Src/stm32f1xx_hal_rcc.o
LOAD ./Drivers/STM32F1xx_HAL_Driver/Src/stm32f1xx_hal_rcc_ex.o
LOAD ./Drivers/STM32F1xx_HAL_Driver/Src/stm32f1xx_hal_tim.o
LOAD ./Drivers/STM32F1xx_HAL_Driver/Src/stm32f1xx_hal_tim_ex.o
START GROUP
LOAD c:/st/stm32cubeide_1.7.0/stm32cubeide/plugins/com.st.stm32cube.ide.mcu.externaltools.gnu-tools-for-stm32.9-2020-q2-update.win32_2.0.0.202105311346/tools/bin/../lib/gcc/arm-none-eabi/9.3.1/../../../../arm-none-eabi/lib/thumb/v7-m/nofp\libc_nano.a
LOAD c:/st/stm32cubeide_1.7.0/stm32cubeide/plugins/com.st.stm32cube.ide.mcu.externaltools.gnu-tools-for-stm32.9-2020-q2-update.win32_2.0.0.202105311346/tools/bin/../lib/gcc/arm-none-eabi/9.3.1/../../../../arm-none-eabi/lib/thumb/v7-m/nofp\libm.a
END GROUP
START GROUP
LOAD c:/st/stm32cubeide_1.7.0/stm32cubeide/plugins/com.st.stm32cube.ide.mcu.externaltools.gnu-tools-for-stm32.9-2020-q2-update.win32_2.0.0.202105311346/tools/bin/../lib/gcc/arm-none-eabi/9.3.1/thumb/v7-m/nofp\libgcc.a
LOAD c:/st/stm32cubeide_1.7.0/stm32cubeide/plugins/com.st.stm32cube.ide.mcu.externaltools.gnu-tools-for-stm32.9-2020-q2-update.win32_2.0.0.202105311346/tools/bin/../lib/gcc/arm-none-eabi/9.3.1/../../../../arm-none-eabi/lib/thumb/v7-m/nofp\libc_nano.a
END GROUP
START GROUP
LOAD c:/st/stm32cubeide_1.7.0/stm32cubeide/plugins/com.st.stm32cube.ide.mcu.externaltools.gnu-tools-for-stm32.9-2020-q2-update.win32_2.0.0.202105311346/tools/bin/../lib/gcc/arm-none-eabi/9.3.1/thumb/v7-m/nofp\libgcc.a
LOAD c:/st/stm32cubeide_1.7.0/stm32cubeide/plugins/com.st.stm32cube.ide.mcu.externaltools.gnu-tools-for-stm32.9-2020-q2-update.win32_2.0.0.202105311346/tools/bin/../lib/gcc/arm-none-eabi/9.3.1/../../../../arm-none-eabi/lib/thumb/v7-m/nofp\libc_nano.a
LOAD c:/st/stm32cubeide_1.7.0/stm32cubeide/plugins/com.st.stm32cube.ide.mcu.externaltools.gnu-tools-for-stm32.9-2020-q2-update.win32_2.0.0.202105311346/tools/bin/../lib/gcc/arm-none-eabi/9.3.1/../../../../arm-none-eabi/lib/thumb/v7-m/nofp\libnosys.a
END GROUP
START GROUP
LOAD c:/st/stm32cubeide_1.7.0/stm32cubeide/plugins/com.st.stm32cube.ide.mcu.externaltools.gnu-tools-for-stm32.9-2020-q2-update.win32_2.0.0.202105311346/tools/bin/../lib/gcc/arm-none-eabi/9.3.1/thumb/v7-m/nofp\libgcc.a
LOAD c:/st/stm32cubeide_1.7.0/stm32cubeide/plugins/com.st.stm32cube.ide.mcu.externaltools.gnu-tools-for-stm32.9-2020-q2-update.win32_2.0.0.202105311346/tools/bin/../lib/gcc/arm-none-eabi/9.3.1/../../../../arm-none-eabi/lib/thumb/v7-m/nofp\libc_nano.a
LOAD c:/st/stm32cubeide_1.7.0/stm32cubeide/plugins/com.st.stm32cube.ide.mcu.externaltools.gnu-tools-for-stm32.9-2020-q2-update.win32_2.0.0.202105311346/tools/bin/../lib/gcc/arm-none-eabi/9.3.1/../../../../arm-none-eabi/lib/thumb/v7-m/nofp\libnosys.a
END GROUP
LOAD c:/st/stm32cubeide_1.7.0/stm32cubeide/plugins/com.st.stm32cube.ide.mcu.externaltools.gnu-tools-for-stm32.9-2020-q2-update.win32_2.0.0.202105311346/tools/bin/../lib/gcc/arm-none-eabi/9.3.1/thumb/v7-m/nofp/crtend.o
LOAD c:/st/stm32cubeide_1.7.0/stm32cubeide/plugins/com.st.stm32cube.ide.mcu.externaltools.gnu-tools-for-stm32.9-2020-q2-update.win32_2.0.0.202105311346/tools/bin/../lib/gcc/arm-none-eabi/9.3.1/thumb/v7-m/nofp/crtn.o
                0x0000000020002800                _estack = (ORIGIN (RAM) + LENGTH (RAM))
                0x0000000000000200                _Min_Heap_Size = 0x200
                0x0000000000000400                _Min_Stack_Size = 0x400

.isr_vector     0x0000000008000000      0x10c
                0x0000000008000000                . = ALIGN (0x4)
 *(.isr_vector)
 .isr_vector    0x0000000008000000      0x10c ./Core/Startup/startup_stm32f103c6ux.o
                0x0000000008000000                g_pfnVectors
                0x000000000800010c                . = ALIGN (0x4)

.text           0x000000000800010c     0x3400
                0x000000000800010c                . = ALIGN (0x4)
 *(.text)
 .text          0x000000000800010c       0x40 c:/st/stm32cubeide_1.7.0/stm32cubeide/plugins/com.st.stm32cube.ide.mcu.externaltools.gnu-tools-for-stm32.9-2020-q2-update.win32_2.0.0.202105311346/tools/bin/../lib/gcc/arm-none-eabi/9.3.1/thumb/v7-m/nofp/crtbegin.o
 *(.text*)
 .text.WhichButtonIsPressed
                0x000000000800014c       0x4a ./Core/Src/input_processing.o
                0x000000000800014c                WhichButtonIsPressed
 .text.WhichButtonIsPressed1s
                0x0000000008000196       0x4a ./Core/Src/input_processing.o
                0x0000000008000196                WhichButtonIsPressed1s
 .text.fsm_mode_running
                0x00000000080001e0      0x178 ./Core/Src/input_processing.o
                0x00000000080001e0                fsm_mode_running
 .text.fsm_mode_running_for_pressed_1s
                0x0000000008000358      0x19c ./Core/Src/input_processing.o
                0x0000000008000358                fsm_mode_running_for_pressed_1s
 .text.fsm_for_input_processing
                0x00000000080004f4       0xf8 ./Core/Src/input_processing.o
                0x00000000080004f4                fsm_for_input_processing
 .text.button_reading
                0x00000000080005ec      0x14c ./Core/Src/input_reading.o
                0x00000000080005ec                button_reading
 .text.is_button_pressed
                0x0000000008000738       0x34 ./Core/Src/input_reading.o
                0x0000000008000738                is_button_pressed
 .text.is_button_pressed_1s
                0x000000000800076c       0x34 ./Core/Src/input_reading.o
                0x000000000800076c                is_button_pressed_1s
 .text.is_button_pressed_one_quarter_second
                0x00000000080007a0       0x34 ./Core/Src/input_reading.o
                0x00000000080007a0                is_button_pressed_one_quarter_second
 .text.update_buffer
                0x00000000080007d4       0xbc ./Core/Src/led7seg.o
                0x00000000080007d4                update_buffer
 .text.led_init
                0x0000000008000890       0x18 ./Core/Src/led7seg.o
                0x0000000008000890                led_init
 .text.update7SEG
                0x00000000080008a8      0x108 ./Core/Src/led7seg.o
                0x00000000080008a8                update7SEG
 .text.display7SEG
                0x00000000080009b0       0x2c ./Core/Src/led7seg.o
                0x00000000080009b0                display7SEG
 .text.displayMode
                0x00000000080009dc       0x30 ./Core/Src/led7seg.o
                0x00000000080009dc                displayMode
 .text.main     0x0000000008000a0c       0x50 ./Core/Src/main.o
                0x0000000008000a0c                main
 .text.SystemClock_Config
                0x0000000008000a5c       0x76 ./Core/Src/main.o
                0x0000000008000a5c                SystemClock_Config
 *fill*         0x0000000008000ad2        0x2 
 .text.MX_TIM2_Init
                0x0000000008000ad4       0x98 ./Core/Src/main.o
 .text.MX_GPIO_Init
                0x0000000008000b6c       0xc4 ./Core/Src/main.o
 .text.Error_Handler
                0x0000000008000c30        0xa ./Core/Src/main.o
                0x0000000008000c30                Error_Handler
 *fill*         0x0000000008000c3a        0x2 
 .text.setTimer1
                0x0000000008000c3c       0x34 ./Core/Src/software_timer.o
                0x0000000008000c3c                setTimer1
 .text.setTimer2
                0x0000000008000c70       0x34 ./Core/Src/software_timer.o
                0x0000000008000c70                setTimer2
 .text.setTimer3
                0x0000000008000ca4       0x34 ./Core/Src/software_timer.o
                0x0000000008000ca4                setTimer3
 .text.timerRun
                0x0000000008000cd8       0xd4 ./Core/Src/software_timer.o
                0x0000000008000cd8                timerRun
 .text.HAL_MspInit
                0x0000000008000dac       0x64 ./Core/Src/stm32f1xx_hal_msp.o
                0x0000000008000dac                HAL_MspInit
 .text.HAL_TIM_Base_MspInit
                0x0000000008000e10       0x48 ./Core/Src/stm32f1xx_hal_msp.o
                0x0000000008000e10                HAL_TIM_Base_MspInit
 .text.NMI_Handler
                0x0000000008000e58        0x6 ./Core/Src/stm32f1xx_it.o
                0x0000000008000e58                NMI_Handler
 .text.HardFault_Handler
                0x0000000008000e5e        0x6 ./Core/Src/stm32f1xx_it.o
                0x0000000008000e5e                HardFault_Handler
 .text.MemManage_Handler
                0x0000000008000e64        0x6 ./Core/Src/stm32f1xx_it.o
                0x0000000008000e64                MemManage_Handler
 .text.BusFault_Handler
                0x0000000008000e6a        0x6 ./Core/Src/stm32f1xx_it.o
                0x0000000008000e6a                BusFault_Handler
 .text.UsageFault_Handler
                0x0000000008000e70        0x6 ./Core/Src/stm32f1xx_it.o
                0x0000000008000e70                UsageFault_Handler
 .text.SVC_Handler
                0x0000000008000e76        0xc ./Core/Src/stm32f1xx_it.o
                0x0000000008000e76                SVC_Handler
 .text.DebugMon_Handler
                0x0000000008000e82        0xc ./Core/Src/stm32f1xx_it.o
                0x0000000008000e82                DebugMon_Handler
 .text.PendSV_Handler
                0x0000000008000e8e        0xc ./Core/Src/stm32f1xx_it.o
                0x0000000008000e8e                PendSV_Handler
 .text.SysTick_Handler
                0x0000000008000e9a        0xc ./Core/Src/stm32f1xx_it.o
                0x0000000008000e9a                SysTick_Handler
 *fill*         0x0000000008000ea6        0x2 
 .text.TIM2_IRQHandler
                0x0000000008000ea8       0x14 ./Core/Src/stm32f1xx_it.o
                0x0000000008000ea8                TIM2_IRQHandler
 .text._read    0x0000000008000ebc       0x3a ./Core/Src/syscalls.o
                0x0000000008000ebc                _read
 .text._write   0x0000000008000ef6       0x38 ./Core/Src/syscalls.o
                0x0000000008000ef6                _write
 .text._close   0x0000000008000f2e       0x16 ./Core/Src/syscalls.o
                0x0000000008000f2e                _close
 .text._fstat   0x0000000008000f44       0x1e ./Core/Src/syscalls.o
                0x0000000008000f44                _fstat
 .text._isatty  0x0000000008000f62       0x14 ./Core/Src/syscalls.o
                0x0000000008000f62                _isatty
 .text._lseek   0x0000000008000f76       0x18 ./Core/Src/syscalls.o
                0x0000000008000f76                _lseek
 *fill*         0x0000000008000f8e        0x2 
 .text._sbrk    0x0000000008000f90       0x6c ./Core/Src/sysmem.o
                0x0000000008000f90                _sbrk
 .text.SystemInit
                0x0000000008000ffc        0xc ./Core/Src/system_stm32f1xx.o
                0x0000000008000ffc                SystemInit
 .text.HAL_TIM_PeriodElapsedCallback
                0x0000000008001008       0x26 ./Core/Src/timer.o
                0x0000000008001008                HAL_TIM_PeriodElapsedCallback
 *fill*         0x000000000800102e        0x2 
 .text.traffic_init
                0x0000000008001030       0x48 ./Core/Src/traffic_light_processing.o
                0x0000000008001030                traffic_init
 .text.updateTempTime
                0x0000000008001078       0xa0 ./Core/Src/traffic_light_processing.o
                0x0000000008001078                updateTempTime
 .text.confirmAdjustedTime
                0x0000000008001118       0x90 ./Core/Src/traffic_light_processing.o
                0x0000000008001118                confirmAdjustedTime
 .text.resetToTheDefaultSetting
                0x00000000080011a8       0x68 ./Core/Src/traffic_light_processing.o
                0x00000000080011a8                resetToTheDefaultSetting
 .text.normal_running_traffic_light
                0x0000000008001210      0x210 ./Core/Src/traffic_light_processing.o
                0x0000000008001210                normal_running_traffic_light
 .text.traffic_light_processing
                0x0000000008001420       0xa4 ./Core/Src/traffic_light_processing.o
                0x0000000008001420                traffic_light_processing
 .text.Reset_Handler
                0x00000000080014c4       0x48 ./Core/Startup/startup_stm32f103c6ux.o
                0x00000000080014c4                Reset_Handler
 .text.Default_Handler
                0x000000000800150c        0x2 ./Core/Startup/startup_stm32f103c6ux.o
                0x000000000800150c                RTC_Alarm_IRQHandler
                0x000000000800150c                EXTI2_IRQHandler
                0x000000000800150c                TIM1_CC_IRQHandler
                0x000000000800150c                PVD_IRQHandler
                0x000000000800150c                EXTI3_IRQHandler
                0x000000000800150c                EXTI0_IRQHandler
                0x000000000800150c                ADC1_2_IRQHandler
                0x000000000800150c                SPI1_IRQHandler
                0x000000000800150c                TAMPER_IRQHandler
                0x000000000800150c                DMA1_Channel4_IRQHandler
                0x000000000800150c                RTC_IRQHandler
                0x000000000800150c                DMA1_Channel7_IRQHandler
                0x000000000800150c                CAN1_RX1_IRQHandler
                0x000000000800150c                I2C1_EV_IRQHandler
                0x000000000800150c                DMA1_Channel6_IRQHandler
                0x000000000800150c                TIM3_IRQHandler
                0x000000000800150c                RCC_IRQHandler
                0x000000000800150c                TIM1_TRG_COM_IRQHandler
                0x000000000800150c                DMA1_Channel1_IRQHandler
                0x000000000800150c                Default_Handler
                0x000000000800150c                EXTI15_10_IRQHandler
                0x000000000800150c                EXTI9_5_IRQHandler
                0x000000000800150c                DMA1_Channel5_IRQHandler
                0x000000000800150c                EXTI4_IRQHandler
                0x000000000800150c                USB_LP_CAN1_RX0_IRQHandler
                0x000000000800150c                USB_HP_CAN1_TX_IRQHandler
                0x000000000800150c                DMA1_Channel3_IRQHandler
                0x000000000800150c                TIM1_UP_IRQHandler
                0x000000000800150c                WWDG_IRQHandler
                0x000000000800150c                TIM1_BRK_IRQHandler
                0x000000000800150c                EXTI1_IRQHandler
                0x000000000800150c                USART2_IRQHandler
                0x000000000800150c                DMA1_Channel2_IRQHandler
                0x000000000800150c                CAN1_SCE_IRQHandler
                0x000000000800150c                FLASH_IRQHandler
                0x000000000800150c                USART1_IRQHandler
                0x000000000800150c                I2C1_ER_IRQHandler
                0x000000000800150c                USBWakeUp_IRQHandler
 *fill*         0x000000000800150e        0x2 
 .text.HAL_Init
                0x0000000008001510       0x2c ./Drivers/STM32F1xx_HAL_Driver/Src/stm32f1xx_hal.o
                0x0000000008001510                HAL_Init
 .text.HAL_InitTick
                0x000000000800153c       0x60 ./Drivers/STM32F1xx_HAL_Driver/Src/stm32f1xx_hal.o
                0x000000000800153c                HAL_InitTick
 .text.HAL_IncTick
                0x000000000800159c       0x24 ./Drivers/STM32F1xx_HAL_Driver/Src/stm32f1xx_hal.o
                0x000000000800159c                HAL_IncTick
 .text.HAL_GetTick
                0x00000000080015c0       0x14 ./Drivers/STM32F1xx_HAL_Driver/Src/stm32f1xx_hal.o
                0x00000000080015c0                HAL_GetTick
 .text.__NVIC_SetPriorityGrouping
                0x00000000080015d4       0x48 ./Drivers/STM32F1xx_HAL_Driver/Src/stm32f1xx_hal_cortex.o
 .text.__NVIC_GetPriorityGrouping
                0x000000000800161c       0x1c ./Drivers/STM32F1xx_HAL_Driver/Src/stm32f1xx_hal_cortex.o
 .text.__NVIC_EnableIRQ
                0x0000000008001638       0x38 ./Drivers/STM32F1xx_HAL_Driver/Src/stm32f1xx_hal_cortex.o
 .text.__NVIC_SetPriority
                0x0000000008001670       0x54 ./Drivers/STM32F1xx_HAL_Driver/Src/stm32f1xx_hal_cortex.o
 .text.NVIC_EncodePriority
                0x00000000080016c4       0x64 ./Drivers/STM32F1xx_HAL_Driver/Src/stm32f1xx_hal_cortex.o
 .text.SysTick_Config
                0x0000000008001728       0x44 ./Drivers/STM32F1xx_HAL_Driver/Src/stm32f1xx_hal_cortex.o
 .text.HAL_NVIC_SetPriorityGrouping
                0x000000000800176c       0x16 ./Drivers/STM32F1xx_HAL_Driver/Src/stm32f1xx_hal_cortex.o
                0x000000000800176c                HAL_NVIC_SetPriorityGrouping
 .text.HAL_NVIC_SetPriority
                0x0000000008001782       0x38 ./Drivers/STM32F1xx_HAL_Driver/Src/stm32f1xx_hal_cortex.o
                0x0000000008001782                HAL_NVIC_SetPriority
 .text.HAL_NVIC_EnableIRQ
                0x00000000080017ba       0x1c ./Drivers/STM32F1xx_HAL_Driver/Src/stm32f1xx_hal_cortex.o
                0x00000000080017ba                HAL_NVIC_EnableIRQ
 .text.HAL_SYSTICK_Config
                0x00000000080017d6       0x18 ./Drivers/STM32F1xx_HAL_Driver/Src/stm32f1xx_hal_cortex.o
                0x00000000080017d6                HAL_SYSTICK_Config
 *fill*         0x00000000080017ee        0x2 
 .text.HAL_GPIO_Init
                0x00000000080017f0      0x2f4 ./Drivers/STM32F1xx_HAL_Driver/Src/stm32f1xx_hal_gpio.o
                0x00000000080017f0                HAL_GPIO_Init
 .text.HAL_GPIO_ReadPin
                0x0000000008001ae4       0x2e ./Drivers/STM32F1xx_HAL_Driver/Src/stm32f1xx_hal_gpio.o
                0x0000000008001ae4                HAL_GPIO_ReadPin
 .text.HAL_GPIO_WritePin
                0x0000000008001b12       0x30 ./Drivers/STM32F1xx_HAL_Driver/Src/stm32f1xx_hal_gpio.o
                0x0000000008001b12                HAL_GPIO_WritePin
 .text.HAL_GPIO_TogglePin
                0x0000000008001b42       0x32 ./Drivers/STM32F1xx_HAL_Driver/Src/stm32f1xx_hal_gpio.o
                0x0000000008001b42                HAL_GPIO_TogglePin
 .text.HAL_RCC_OscConfig
                0x0000000008001b74      0x500 ./Drivers/STM32F1xx_HAL_Driver/Src/stm32f1xx_hal_rcc.o
                0x0000000008001b74                HAL_RCC_OscConfig
 .text.HAL_RCC_ClockConfig
                0x0000000008002074      0x1d4 ./Drivers/STM32F1xx_HAL_Driver/Src/stm32f1xx_hal_rcc.o
                0x0000000008002074                HAL_RCC_ClockConfig
 .text.HAL_RCC_GetSysClockFreq
                0x0000000008002248       0xc0 ./Drivers/STM32F1xx_HAL_Driver/Src/stm32f1xx_hal_rcc.o
                0x0000000008002248                HAL_RCC_GetSysClockFreq
 .text.RCC_Delay
                0x0000000008002308       0x3c ./Drivers/STM32F1xx_HAL_Driver/Src/stm32f1xx_hal_rcc.o
 .text.HAL_TIM_Base_Init
                0x0000000008002344       0x9e ./Drivers/STM32F1xx_HAL_Driver/Src/stm32f1xx_hal_tim.o
                0x0000000008002344                HAL_TIM_Base_Init
 *fill*         0x00000000080023e2        0x2 
 .text.HAL_TIM_Base_Start_IT
                0x00000000080023e4       0x98 ./Drivers/STM32F1xx_HAL_Driver/Src/stm32f1xx_hal_tim.o
                0x00000000080023e4                HAL_TIM_Base_Start_IT
 .text.HAL_TIM_IRQHandler
                0x000000000800247c      0x210 ./Drivers/STM32F1xx_HAL_Driver/Src/stm32f1xx_hal_tim.o
                0x000000000800247c                HAL_TIM_IRQHandler
 .text.HAL_TIM_ConfigClockSource
                0x000000000800268c      0x188 ./Drivers/STM32F1xx_HAL_Driver/Src/stm32f1xx_hal_tim.o
                0x000000000800268c                HAL_TIM_ConfigClockSource
 .text.HAL_TIM_OC_DelayElapsedCallback
                0x0000000008002814       0x12 ./Drivers/STM32F1xx_HAL_Driver/Src/stm32f1xx_hal_tim.o
                0x0000000008002814                HAL_TIM_OC_DelayElapsedCallback
 .text.HAL_TIM_IC_CaptureCallback
                0x0000000008002826       0x12 ./Drivers/STM32F1xx_HAL_Driver/Src/stm32f1xx_hal_tim.o
                0x0000000008002826                HAL_TIM_IC_CaptureCallback
 .text.HAL_TIM_PWM_PulseFinishedCallback
                0x0000000008002838       0x12 ./Drivers/STM32F1xx_HAL_Driver/Src/stm32f1xx_hal_tim.o
                0x0000000008002838                HAL_TIM_PWM_PulseFinishedCallback
 .text.HAL_TIM_TriggerCallback
                0x000000000800284a       0x12 ./Drivers/STM32F1xx_HAL_Driver/Src/stm32f1xx_hal_tim.o
                0x000000000800284a                HAL_TIM_TriggerCallback
 .text.TIM_Base_SetConfig
                0x000000000800285c       0xb0 ./Drivers/STM32F1xx_HAL_Driver/Src/stm32f1xx_hal_tim.o
                0x000000000800285c                TIM_Base_SetConfig
 .text.TIM_TI1_ConfigInputStage
                0x000000000800290c       0x5c ./Drivers/STM32F1xx_HAL_Driver/Src/stm32f1xx_hal_tim.o
 .text.TIM_TI2_ConfigInputStage
                0x0000000008002968       0x5e ./Drivers/STM32F1xx_HAL_Driver/Src/stm32f1xx_hal_tim.o
 .text.TIM_ITRx_SetConfig
                0x00000000080029c6       0x34 ./Drivers/STM32F1xx_HAL_Driver/Src/stm32f1xx_hal_tim.o
 .text.TIM_ETR_SetConfig
                0x00000000080029fa       0x3e ./Drivers/STM32F1xx_HAL_Driver/Src/stm32f1xx_hal_tim.o
                0x00000000080029fa                TIM_ETR_SetConfig
 .text.HAL_TIMEx_MasterConfigSynchronization
                0x0000000008002a38       0xb0 ./Drivers/STM32F1xx_HAL_Driver/Src/stm32f1xx_hal_tim_ex.o
                0x0000000008002a38                HAL_TIMEx_MasterConfigSynchronization
 .text.HAL_TIMEx_CommutCallback
                0x0000000008002ae8       0x12 ./Drivers/STM32F1xx_HAL_Driver/Src/stm32f1xx_hal_tim_ex.o
                0x0000000008002ae8                HAL_TIMEx_CommutCallback
 .text.HAL_TIMEx_BreakCallback
                0x0000000008002afa       0x12 ./Drivers/STM32F1xx_HAL_Driver/Src/stm32f1xx_hal_tim_ex.o
                0x0000000008002afa                HAL_TIMEx_BreakCallback
 .text.__errno  0x0000000008002b0c        0xc c:/st/stm32cubeide_1.7.0/stm32cubeide/plugins/com.st.stm32cube.ide.mcu.externaltools.gnu-tools-for-stm32.9-2020-q2-update.win32_2.0.0.202105311346/tools/bin/../lib/gcc/arm-none-eabi/9.3.1/../../../../arm-none-eabi/lib/thumb/v7-m/nofp\libc_nano.a(lib_a-errno.o)
                0x0000000008002b0c                __errno
 .text.__libc_init_array
                0x0000000008002b18       0x48 c:/st/stm32cubeide_1.7.0/stm32cubeide/plugins/com.st.stm32cube.ide.mcu.externaltools.gnu-tools-for-stm32.9-2020-q2-update.win32_2.0.0.202105311346/tools/bin/../lib/gcc/arm-none-eabi/9.3.1/../../../../arm-none-eabi/lib/thumb/v7-m/nofp\libc_nano.a(lib_a-init.o)
                0x0000000008002b18                __libc_init_array
 .text.memset   0x0000000008002b60       0x10 c:/st/stm32cubeide_1.7.0/stm32cubeide/plugins/com.st.stm32cube.ide.mcu.externaltools.gnu-tools-for-stm32.9-2020-q2-update.win32_2.0.0.202105311346/tools/bin/../lib/gcc/arm-none-eabi/9.3.1/../../../../arm-none-eabi/lib/thumb/v7-m/nofp\libc_nano.a(lib_a-memset.o)
                0x0000000008002b60                memset
 .text._puts_r  0x0000000008002b70       0xdc c:/st/stm32cubeide_1.7.0/stm32cubeide/plugins/com.st.stm32cube.ide.mcu.externaltools.gnu-tools-for-stm32.9-2020-q2-update.win32_2.0.0.202105311346/tools/bin/../lib/gcc/arm-none-eabi/9.3.1/../../../../arm-none-eabi/lib/thumb/v7-m/nofp\libc_nano.a(lib_a-puts.o)
                0x0000000008002b70                _puts_r
 .text.puts     0x0000000008002c4c       0x10 c:/st/stm32cubeide_1.7.0/stm32cubeide/plugins/com.st.stm32cube.ide.mcu.externaltools.gnu-tools-for-stm32.9-2020-q2-update.win32_2.0.0.202105311346/tools/bin/../lib/gcc/arm-none-eabi/9.3.1/../../../../arm-none-eabi/lib/thumb/v7-m/nofp\libc_nano.a(lib_a-puts.o)
                0x0000000008002c4c                puts
 .text.__swbuf_r
                0x0000000008002c5c       0xa4 c:/st/stm32cubeide_1.7.0/stm32cubeide/plugins/com.st.stm32cube.ide.mcu.externaltools.gnu-tools-for-stm32.9-2020-q2-update.win32_2.0.0.202105311346/tools/bin/../lib/gcc/arm-none-eabi/9.3.1/../../../../arm-none-eabi/lib/thumb/v7-m/nofp\libc_nano.a(lib_a-wbuf.o)
                0x0000000008002c5c                __swbuf_r
 .text.__swsetup_r
                0x0000000008002d00       0xdc c:/st/stm32cubeide_1.7.0/stm32cubeide/plugins/com.st.stm32cube.ide.mcu.externaltools.gnu-tools-for-stm32.9-2020-q2-update.win32_2.0.0.202105311346/tools/bin/../lib/gcc/arm-none-eabi/9.3.1/../../../../arm-none-eabi/lib/thumb/v7-m/nofp\libc_nano.a(lib_a-wsetup.o)
                0x0000000008002d00                __swsetup_r
 .text.__sflush_r
                0x0000000008002ddc      0x10c c:/st/stm32cubeide_1.7.0/stm32cubeide/plugins/com.st.stm32cube.ide.mcu.externaltools.gnu-tools-for-stm32.9-2020-q2-update.win32_2.0.0.202105311346/tools/bin/../lib/gcc/arm-none-eabi/9.3.1/../../../../arm-none-eabi/lib/thumb/v7-m/nofp\libc_nano.a(lib_a-fflush.o)
                0x0000000008002ddc                __sflush_r
 .text._fflush_r
                0x0000000008002ee8       0x78 c:/st/stm32cubeide_1.7.0/stm32cubeide/plugins/com.st.stm32cube.ide.mcu.externaltools.gnu-tools-for-stm32.9-2020-q2-update.win32_2.0.0.202105311346/tools/bin/../lib/gcc/arm-none-eabi/9.3.1/../../../../arm-none-eabi/lib/thumb/v7-m/nofp\libc_nano.a(lib_a-fflush.o)
                0x0000000008002ee8                _fflush_r
 .text.std      0x0000000008002f60       0x48 c:/st/stm32cubeide_1.7.0/stm32cubeide/plugins/com.st.stm32cube.ide.mcu.externaltools.gnu-tools-for-stm32.9-2020-q2-update.win32_2.0.0.202105311346/tools/bin/../lib/gcc/arm-none-eabi/9.3.1/../../../../arm-none-eabi/lib/thumb/v7-m/nofp\libc_nano.a(lib_a-findfp.o)
 .text._cleanup_r
                0x0000000008002fa8        0xc c:/st/stm32cubeide_1.7.0/stm32cubeide/plugins/com.st.stm32cube.ide.mcu.externaltools.gnu-tools-for-stm32.9-2020-q2-update.win32_2.0.0.202105311346/tools/bin/../lib/gcc/arm-none-eabi/9.3.1/../../../../arm-none-eabi/lib/thumb/v7-m/nofp\libc_nano.a(lib_a-findfp.o)
                0x0000000008002fa8                _cleanup_r
 .text.__sfmoreglue
                0x0000000008002fb4       0x2c c:/st/stm32cubeide_1.7.0/stm32cubeide/plugins/com.st.stm32cube.ide.mcu.externaltools.gnu-tools-for-stm32.9-2020-q2-update.win32_2.0.0.202105311346/tools/bin/../lib/gcc/arm-none-eabi/9.3.1/../../../../arm-none-eabi/lib/thumb/v7-m/nofp\libc_nano.a(lib_a-findfp.o)
                0x0000000008002fb4                __sfmoreglue
 .text.__sfp_lock_acquire
                0x0000000008002fe0        0xc c:/st/stm32cubeide_1.7.0/stm32cubeide/plugins/com.st.stm32cube.ide.mcu.externaltools.gnu-tools-for-stm32.9-2020-q2-update.win32_2.0.0.202105311346/tools/bin/../lib/gcc/arm-none-eabi/9.3.1/../../../../arm-none-eabi/lib/thumb/v7-m/nofp\libc_nano.a(lib_a-findfp.o)
                0x0000000008002fe0                __sfp_lock_acquire
 .text.__sfp_lock_release
                0x0000000008002fec        0xc c:/st/stm32cubeide_1.7.0/stm32cubeide/plugins/com.st.stm32cube.ide.mcu.externaltools.gnu-tools-for-stm32.9-2020-q2-update.win32_2.0.0.202105311346/tools/bin/../lib/gcc/arm-none-eabi/9.3.1/../../../../arm-none-eabi/lib/thumb/v7-m/nofp\libc_nano.a(lib_a-findfp.o)
                0x0000000008002fec                __sfp_lock_release
 .text.__sinit_lock_acquire
                0x0000000008002ff8        0xc c:/st/stm32cubeide_1.7.0/stm32cubeide/plugins/com.st.stm32cube.ide.mcu.externaltools.gnu-tools-for-stm32.9-2020-q2-update.win32_2.0.0.202105311346/tools/bin/../lib/gcc/arm-none-eabi/9.3.1/../../../../arm-none-eabi/lib/thumb/v7-m/nofp\libc_nano.a(lib_a-findfp.o)
                0x0000000008002ff8                __sinit_lock_acquire
 .text.__sinit_lock_release
                0x0000000008003004        0xc c:/st/stm32cubeide_1.7.0/stm32cubeide/plugins/com.st.stm32cube.ide.mcu.externaltools.gnu-tools-for-stm32.9-2020-q2-update.win32_2.0.0.202105311346/tools/bin/../lib/gcc/arm-none-eabi/9.3.1/../../../../arm-none-eabi/lib/thumb/v7-m/nofp\libc_nano.a(lib_a-findfp.o)
                0x0000000008003004                __sinit_lock_release
 .text.__sinit  0x0000000008003010       0x70 c:/st/stm32cubeide_1.7.0/stm32cubeide/plugins/com.st.stm32cube.ide.mcu.externaltools.gnu-tools-for-stm32.9-2020-q2-update.win32_2.0.0.202105311346/tools/bin/../lib/gcc/arm-none-eabi/9.3.1/../../../../arm-none-eabi/lib/thumb/v7-m/nofp\libc_nano.a(lib_a-findfp.o)
                0x0000000008003010                __sinit
 .text.__sfp    0x0000000008003080       0x8c c:/st/stm32cubeide_1.7.0/stm32cubeide/plugins/com.st.stm32cube.ide.mcu.externaltools.gnu-tools-for-stm32.9-2020-q2-update.win32_2.0.0.202105311346/tools/bin/../lib/gcc/arm-none-eabi/9.3.1/../../../../arm-none-eabi/lib/thumb/v7-m/nofp\libc_nano.a(lib_a-findfp.o)
                0x0000000008003080                __sfp
 .text._fwalk_reent
                0x000000000800310c       0x3e c:/st/stm32cubeide_1.7.0/stm32cubeide/plugins/com.st.stm32cube.ide.mcu.externaltools.gnu-tools-for-stm32.9-2020-q2-update.win32_2.0.0.202105311346/tools/bin/../lib/gcc/arm-none-eabi/9.3.1/../../../../arm-none-eabi/lib/thumb/v7-m/nofp\libc_nano.a(lib_a-fwalk.o)
                0x000000000800310c                _fwalk_reent
 .text.__retarget_lock_init_recursive
                0x000000000800314a        0x2 c:/st/stm32cubeide_1.7.0/stm32cubeide/plugins/com.st.stm32cube.ide.mcu.externaltools.gnu-tools-for-stm32.9-2020-q2-update.win32_2.0.0.202105311346/tools/bin/../lib/gcc/arm-none-eabi/9.3.1/../../../../arm-none-eabi/lib/thumb/v7-m/nofp\libc_nano.a(lib_a-lock.o)
                0x000000000800314a                __retarget_lock_init_recursive
 .text.__retarget_lock_acquire_recursive
                0x000000000800314c        0x2 c:/st/stm32cubeide_1.7.0/stm32cubeide/plugins/com.st.stm32cube.ide.mcu.externaltools.gnu-tools-for-stm32.9-2020-q2-update.win32_2.0.0.202105311346/tools/bin/../lib/gcc/arm-none-eabi/9.3.1/../../../../arm-none-eabi/lib/thumb/v7-m/nofp\libc_nano.a(lib_a-lock.o)
                0x000000000800314c                __retarget_lock_acquire_recursive
 .text.__retarget_lock_release_recursive
                0x000000000800314e        0x2 c:/st/stm32cubeide_1.7.0/stm32cubeide/plugins/com.st.stm32cube.ide.mcu.externaltools.gnu-tools-for-stm32.9-2020-q2-update.win32_2.0.0.202105311346/tools/bin/../lib/gcc/arm-none-eabi/9.3.1/../../../../arm-none-eabi/lib/thumb/v7-m/nofp\libc_nano.a(lib_a-lock.o)
                0x000000000800314e                __retarget_lock_release_recursive
 .text.__swhatbuf_r
                0x0000000008003150       0x48 c:/st/stm32cubeide_1.7.0/stm32cubeide/plugins/com.st.stm32cube.ide.mcu.externaltools.gnu-tools-for-stm32.9-2020-q2-update.win32_2.0.0.202105311346/tools/bin/../lib/gcc/arm-none-eabi/9.3.1/../../../../arm-none-eabi/lib/thumb/v7-m/nofp\libc_nano.a(lib_a-makebuf.o)
                0x0000000008003150                __swhatbuf_r
 .text.__smakebuf_r
                0x0000000008003198       0x80 c:/st/stm32cubeide_1.7.0/stm32cubeide/plugins/com.st.stm32cube.ide.mcu.externaltools.gnu-tools-for-stm32.9-2020-q2-update.win32_2.0.0.202105311346/tools/bin/../lib/gcc/arm-none-eabi/9.3.1/../../../../arm-none-eabi/lib/thumb/v7-m/nofp\libc_nano.a(lib_a-makebuf.o)
                0x0000000008003198                __smakebuf_r
 .text._free_r  0x0000000008003218       0x98 c:/st/stm32cubeide_1.7.0/stm32cubeide/plugins/com.st.stm32cube.ide.mcu.externaltools.gnu-tools-for-stm32.9-2020-q2-update.win32_2.0.0.202105311346/tools/bin/../lib/gcc/arm-none-eabi/9.3.1/../../../../arm-none-eabi/lib/thumb/v7-m/nofp\libc_nano.a(lib_a-nano-freer.o)
                0x0000000008003218                _free_r
 .text._malloc_r
                0x00000000080032b0       0xb4 c:/st/stm32cubeide_1.7.0/stm32cubeide/plugins/com.st.stm32cube.ide.mcu.externaltools.gnu-tools-for-stm32.9-2020-q2-update.win32_2.0.0.202105311346/tools/bin/../lib/gcc/arm-none-eabi/9.3.1/../../../../arm-none-eabi/lib/thumb/v7-m/nofp\libc_nano.a(lib_a-nano-mallocr.o)
                0x00000000080032b0                _malloc_r
 .text._sbrk_r  0x0000000008003364       0x20 c:/st/stm32cubeide_1.7.0/stm32cubeide/plugins/com.st.stm32cube.ide.mcu.externaltools.gnu-tools-for-stm32.9-2020-q2-update.win32_2.0.0.202105311346/tools/bin/../lib/gcc/arm-none-eabi/9.3.1/../../../../arm-none-eabi/lib/thumb/v7-m/nofp\libc_nano.a(lib_a-sbrkr.o)
                0x0000000008003364                _sbrk_r
 .text.__sread  0x0000000008003384       0x22 c:/st/stm32cubeide_1.7.0/stm32cubeide/plugins/com.st.stm32cube.ide.mcu.externaltools.gnu-tools-for-stm32.9-2020-q2-update.win32_2.0.0.202105311346/tools/bin/../lib/gcc/arm-none-eabi/9.3.1/../../../../arm-none-eabi/lib/thumb/v7-m/nofp\libc_nano.a(lib_a-stdio.o)
                0x0000000008003384                __sread
 .text.__swrite
                0x00000000080033a6       0x38 c:/st/stm32cubeide_1.7.0/stm32cubeide/plugins/com.st.stm32cube.ide.mcu.externaltools.gnu-tools-for-stm32.9-2020-q2-update.win32_2.0.0.202105311346/tools/bin/../lib/gcc/arm-none-eabi/9.3.1/../../../../arm-none-eabi/lib/thumb/v7-m/nofp\libc_nano.a(lib_a-stdio.o)
                0x00000000080033a6                __swrite
 .text.__sseek  0x00000000080033de       0x24 c:/st/stm32cubeide_1.7.0/stm32cubeide/plugins/com.st.stm32cube.ide.mcu.externaltools.gnu-tools-for-stm32.9-2020-q2-update.win32_2.0.0.202105311346/tools/bin/../lib/gcc/arm-none-eabi/9.3.1/../../../../arm-none-eabi/lib/thumb/v7-m/nofp\libc_nano.a(lib_a-stdio.o)
                0x00000000080033de                __sseek
 .text.__sclose
                0x0000000008003402        0x8 c:/st/stm32cubeide_1.7.0/stm32cubeide/plugins/com.st.stm32cube.ide.mcu.externaltools.gnu-tools-for-stm32.9-2020-q2-update.win32_2.0.0.202105311346/tools/bin/../lib/gcc/arm-none-eabi/9.3.1/../../../../arm-none-eabi/lib/thumb/v7-m/nofp\libc_nano.a(lib_a-stdio.o)
                0x0000000008003402                __sclose
 *fill*         0x000000000800340a        0x2 
 .text._write_r
                0x000000000800340c       0x24 c:/st/stm32cubeide_1.7.0/stm32cubeide/plugins/com.st.stm32cube.ide.mcu.externaltools.gnu-tools-for-stm32.9-2020-q2-update.win32_2.0.0.202105311346/tools/bin/../lib/gcc/arm-none-eabi/9.3.1/../../../../arm-none-eabi/lib/thumb/v7-m/nofp\libc_nano.a(lib_a-writer.o)
                0x000000000800340c                _write_r
 .text._close_r
                0x0000000008003430       0x20 c:/st/stm32cubeide_1.7.0/stm32cubeide/plugins/com.st.stm32cube.ide.mcu.externaltools.gnu-tools-for-stm32.9-2020-q2-update.win32_2.0.0.202105311346/tools/bin/../lib/gcc/arm-none-eabi/9.3.1/../../../../arm-none-eabi/lib/thumb/v7-m/nofp\libc_nano.a(lib_a-closer.o)
                0x0000000008003430                _close_r
 .text._fstat_r
                0x0000000008003450       0x24 c:/st/stm32cubeide_1.7.0/stm32cubeide/plugins/com.st.stm32cube.ide.mcu.externaltools.gnu-tools-for-stm32.9-2020-q2-update.win32_2.0.0.202105311346/tools/bin/../lib/gcc/arm-none-eabi/9.3.1/../../../../arm-none-eabi/lib/thumb/v7-m/nofp\libc_nano.a(lib_a-fstatr.o)
                0x0000000008003450                _fstat_r
 .text._isatty_r
                0x0000000008003474       0x20 c:/st/stm32cubeide_1.7.0/stm32cubeide/plugins/com.st.stm32cube.ide.mcu.externaltools.gnu-tools-for-stm32.9-2020-q2-update.win32_2.0.0.202105311346/tools/bin/../lib/gcc/arm-none-eabi/9.3.1/../../../../arm-none-eabi/lib/thumb/v7-m/nofp\libc_nano.a(lib_a-isattyr.o)
                0x0000000008003474                _isatty_r
 .text._lseek_r
                0x0000000008003494       0x24 c:/st/stm32cubeide_1.7.0/stm32cubeide/plugins/com.st.stm32cube.ide.mcu.externaltools.gnu-tools-for-stm32.9-2020-q2-update.win32_2.0.0.202105311346/tools/bin/../lib/gcc/arm-none-eabi/9.3.1/../../../../arm-none-eabi/lib/thumb/v7-m/nofp\libc_nano.a(lib_a-lseekr.o)
                0x0000000008003494                _lseek_r
 .text.__malloc_lock
                0x00000000080034b8        0xc c:/st/stm32cubeide_1.7.0/stm32cubeide/plugins/com.st.stm32cube.ide.mcu.externaltools.gnu-tools-for-stm32.9-2020-q2-update.win32_2.0.0.202105311346/tools/bin/../lib/gcc/arm-none-eabi/9.3.1/../../../../arm-none-eabi/lib/thumb/v7-m/nofp\libc_nano.a(lib_a-mlock.o)
                0x00000000080034b8                __malloc_lock
 .text.__malloc_unlock
                0x00000000080034c4        0xc c:/st/stm32cubeide_1.7.0/stm32cubeide/plugins/com.st.stm32cube.ide.mcu.externaltools.gnu-tools-for-stm32.9-2020-q2-update.win32_2.0.0.202105311346/tools/bin/../lib/gcc/arm-none-eabi/9.3.1/../../../../arm-none-eabi/lib/thumb/v7-m/nofp\libc_nano.a(lib_a-mlock.o)
                0x00000000080034c4                __malloc_unlock
 .text._read_r  0x00000000080034d0       0x24 c:/st/stm32cubeide_1.7.0/stm32cubeide/plugins/com.st.stm32cube.ide.mcu.externaltools.gnu-tools-for-stm32.9-2020-q2-update.win32_2.0.0.202105311346/tools/bin/../lib/gcc/arm-none-eabi/9.3.1/../../../../arm-none-eabi/lib/thumb/v7-m/nofp\libc_nano.a(lib_a-readr.o)
                0x00000000080034d0                _read_r
 *(.glue_7)
 .glue_7        0x00000000080034f4        0x0 linker stubs
 *(.glue_7t)
 .glue_7t       0x00000000080034f4        0x0 linker stubs
 *(.eh_frame)
 .eh_frame      0x00000000080034f4        0x0 c:/st/stm32cubeide_1.7.0/stm32cubeide/plugins/com.st.stm32cube.ide.mcu.externaltools.gnu-tools-for-stm32.9-2020-q2-update.win32_2.0.0.202105311346/tools/bin/../lib/gcc/arm-none-eabi/9.3.1/thumb/v7-m/nofp/crtbegin.o
 *(.init)
 .init          0x00000000080034f4        0x4 c:/st/stm32cubeide_1.7.0/stm32cubeide/plugins/com.st.stm32cube.ide.mcu.externaltools.gnu-tools-for-stm32.9-2020-q2-update.win32_2.0.0.202105311346/tools/bin/../lib/gcc/arm-none-eabi/9.3.1/thumb/v7-m/nofp/crti.o
                0x00000000080034f4                _init
 .init          0x00000000080034f8        0x8 c:/st/stm32cubeide_1.7.0/stm32cubeide/plugins/com.st.stm32cube.ide.mcu.externaltools.gnu-tools-for-stm32.9-2020-q2-update.win32_2.0.0.202105311346/tools/bin/../lib/gcc/arm-none-eabi/9.3.1/thumb/v7-m/nofp/crtn.o
 *(.fini)
 .fini          0x0000000008003500        0x4 c:/st/stm32cubeide_1.7.0/stm32cubeide/plugins/com.st.stm32cube.ide.mcu.externaltools.gnu-tools-for-stm32.9-2020-q2-update.win32_2.0.0.202105311346/tools/bin/../lib/gcc/arm-none-eabi/9.3.1/thumb/v7-m/nofp/crti.o
                0x0000000008003500                _fini
 .fini          0x0000000008003504        0x8 c:/st/stm32cubeide_1.7.0/stm32cubeide/plugins/com.st.stm32cube.ide.mcu.externaltools.gnu-tools-for-stm32.9-2020-q2-update.win32_2.0.0.202105311346/tools/bin/../lib/gcc/arm-none-eabi/9.3.1/thumb/v7-m/nofp/crtn.o
                0x000000000800350c                . = ALIGN (0x4)
                0x000000000800350c                _etext = .

.vfp11_veneer   0x000000000800350c        0x0
 .vfp11_veneer  0x000000000800350c        0x0 linker stubs

.v4_bx          0x000000000800350c        0x0
 .v4_bx         0x000000000800350c        0x0 linker stubs

.iplt           0x000000000800350c        0x0
 .iplt          0x000000000800350c        0x0 c:/st/stm32cubeide_1.7.0/stm32cubeide/plugins/com.st.stm32cube.ide.mcu.externaltools.gnu-tools-for-stm32.9-2020-q2-update.win32_2.0.0.202105311346/tools/bin/../lib/gcc/arm-none-eabi/9.3.1/thumb/v7-m/nofp/crtbegin.o

.rodata         0x000000000800350c      0x190
                0x000000000800350c                . = ALIGN (0x4)
 *(.rodata)
 .rodata        0x000000000800350c       0xa5 ./Core/Src/input_processing.o
 *fill*         0x00000000080035b1        0x3 
 .rodata        0x00000000080035b4       0x62 ./Core/Src/traffic_light_processing.o
 *fill*         0x0000000008003616        0x2 
 .rodata        0x0000000008003618       0x10 ./Drivers/STM32F1xx_HAL_Driver/Src/stm32f1xx_hal_rcc.o
 *(.rodata*)
 .rodata.AHBPrescTable
                0x0000000008003628       0x10 ./Core/Src/system_stm32f1xx.o
                0x0000000008003628                AHBPrescTable
 .rodata._global_impure_ptr
                0x0000000008003638        0x4 c:/st/stm32cubeide_1.7.0/stm32cubeide/plugins/com.st.stm32cube.ide.mcu.externaltools.gnu-tools-for-stm32.9-2020-q2-update.win32_2.0.0.202105311346/tools/bin/../lib/gcc/arm-none-eabi/9.3.1/../../../../arm-none-eabi/lib/thumb/v7-m/nofp\libc_nano.a(lib_a-impure.o)
                0x0000000008003638                _global_impure_ptr
 .rodata.__sf_fake_stderr
                0x000000000800363c       0x20 c:/st/stm32cubeide_1.7.0/stm32cubeide/plugins/com.st.stm32cube.ide.mcu.externaltools.gnu-tools-for-stm32.9-2020-q2-update.win32_2.0.0.202105311346/tools/bin/../lib/gcc/arm-none-eabi/9.3.1/../../../../arm-none-eabi/lib/thumb/v7-m/nofp\libc_nano.a(lib_a-findfp.o)
                0x000000000800363c                __sf_fake_stderr
 .rodata.__sf_fake_stdin
                0x000000000800365c       0x20 c:/st/stm32cubeide_1.7.0/stm32cubeide/plugins/com.st.stm32cube.ide.mcu.externaltools.gnu-tools-for-stm32.9-2020-q2-update.win32_2.0.0.202105311346/tools/bin/../lib/gcc/arm-none-eabi/9.3.1/../../../../arm-none-eabi/lib/thumb/v7-m/nofp\libc_nano.a(lib_a-findfp.o)
                0x000000000800365c                __sf_fake_stdin
 .rodata.__sf_fake_stdout
                0x000000000800367c       0x20 c:/st/stm32cubeide_1.7.0/stm32cubeide/plugins/com.st.stm32cube.ide.mcu.externaltools.gnu-tools-for-stm32.9-2020-q2-update.win32_2.0.0.202105311346/tools/bin/../lib/gcc/arm-none-eabi/9.3.1/../../../../arm-none-eabi/lib/thumb/v7-m/nofp\libc_nano.a(lib_a-findfp.o)
                0x000000000800367c                __sf_fake_stdout
                0x000000000800369c                . = ALIGN (0x4)

.rel.dyn        0x000000000800369c        0x0
 .rel.iplt      0x000000000800369c        0x0 c:/st/stm32cubeide_1.7.0/stm32cubeide/plugins/com.st.stm32cube.ide.mcu.externaltools.gnu-tools-for-stm32.9-2020-q2-update.win32_2.0.0.202105311346/tools/bin/../lib/gcc/arm-none-eabi/9.3.1/thumb/v7-m/nofp/crtbegin.o

.ARM.extab      0x000000000800369c        0x0
                0x000000000800369c                . = ALIGN (0x4)
 *(.ARM.extab* .gnu.linkonce.armextab.*)
                0x000000000800369c                . = ALIGN (0x4)

.ARM            0x000000000800369c        0x0
                0x000000000800369c                . = ALIGN (0x4)
                0x000000000800369c                __exidx_start = .
 *(.ARM.exidx*)
                0x000000000800369c                __exidx_end = .
                0x000000000800369c                . = ALIGN (0x4)

.preinit_array  0x000000000800369c        0x0
                0x000000000800369c                . = ALIGN (0x4)
                0x000000000800369c                PROVIDE (__preinit_array_start = .)
 *(.preinit_array*)
                0x000000000800369c                PROVIDE (__preinit_array_end = .)
                0x000000000800369c                . = ALIGN (0x4)

.init_array     0x000000000800369c        0x4
                0x000000000800369c                . = ALIGN (0x4)
                0x000000000800369c                PROVIDE (__init_array_start = .)
 *(SORT_BY_NAME(.init_array.*))
 *(.init_array*)
 .init_array    0x000000000800369c        0x4 c:/st/stm32cubeide_1.7.0/stm32cubeide/plugins/com.st.stm32cube.ide.mcu.externaltools.gnu-tools-for-stm32.9-2020-q2-update.win32_2.0.0.202105311346/tools/bin/../lib/gcc/arm-none-eabi/9.3.1/thumb/v7-m/nofp/crtbegin.o
                0x00000000080036a0                PROVIDE (__init_array_end = .)
                0x00000000080036a0                . = ALIGN (0x4)

.fini_array     0x00000000080036a0        0x4
                0x00000000080036a0                . = ALIGN (0x4)
                [!provide]                        PROVIDE (__fini_array_start = .)
 *(SORT_BY_NAME(.fini_array.*))
 *(.fini_array*)
 .fini_array    0x00000000080036a0        0x4 c:/st/stm32cubeide_1.7.0/stm32cubeide/plugins/com.st.stm32cube.ide.mcu.externaltools.gnu-tools-for-stm32.9-2020-q2-update.win32_2.0.0.202105311346/tools/bin/../lib/gcc/arm-none-eabi/9.3.1/thumb/v7-m/nofp/crtbegin.o
                [!provide]                        PROVIDE (__fini_array_end = .)
                0x00000000080036a4                . = ALIGN (0x4)
                0x00000000080036a4                _sidata = LOADADDR (.data)

.data           0x0000000020000000       0xb4 load address 0x00000000080036a4
                0x0000000020000000                . = ALIGN (0x4)
                0x0000000020000000                _sdata = .
 *(.data)
 *(.data*)
 .data.man_red_time
                0x0000000020000000        0x4 ./Core/Src/global.o
                0x0000000020000000                man_red_time
 .data.man_amber_time
                0x0000000020000004        0x4 ./Core/Src/global.o
                0x0000000020000004                man_amber_time
 .data.man_green_time
                0x0000000020000008        0x4 ./Core/Src/global.o
                0x0000000020000008                man_green_time
 .data.light_time
                0x000000002000000c        0x4 ./Core/Src/global.o
                0x000000002000000c                light_time
 .data.light_time1
                0x0000000020000010        0x4 ./Core/Src/global.o
                0x0000000020000010                light_time1
 .data.status   0x0000000020000014        0x4 ./Core/Src/global.o
                0x0000000020000014                status
 .data.led_status
                0x0000000020000018        0x4 ./Core/Src/global.o
                0x0000000020000018                led_status
 .data.buttonPort
                0x000000002000001c       0x10 ./Core/Src/input_reading.o
 .data.buttonPin
                0x000000002000002c        0x8 ./Core/Src/input_reading.o
 .data.led7seg  0x0000000020000034        0xa ./Core/Src/led7seg.o
 *fill*         0x000000002000003e        0x2 
 .data.TIMER_CYCLE
                0x0000000020000040        0x4 ./Core/Src/software_timer.o
                0x0000000020000040                TIMER_CYCLE
 .data.SystemCoreClock
                0x0000000020000044        0x4 ./Core/Src/system_stm32f1xx.o
                0x0000000020000044                SystemCoreClock
 .data.uwTickPrio
                0x0000000020000048        0x4 ./Drivers/STM32F1xx_HAL_Driver/Src/stm32f1xx_hal.o
                0x0000000020000048                uwTickPrio
 .data.uwTickFreq
                0x000000002000004c        0x1 ./Drivers/STM32F1xx_HAL_Driver/Src/stm32f1xx_hal.o
                0x000000002000004c                uwTickFreq
 *fill*         0x000000002000004d        0x3 
 .data._impure_ptr
                0x0000000020000050        0x4 c:/st/stm32cubeide_1.7.0/stm32cubeide/plugins/com.st.stm32cube.ide.mcu.externaltools.gnu-tools-for-stm32.9-2020-q2-update.win32_2.0.0.202105311346/tools/bin/../lib/gcc/arm-none-eabi/9.3.1/../../../../arm-none-eabi/lib/thumb/v7-m/nofp\libc_nano.a(lib_a-impure.o)
                0x0000000020000050                _impure_ptr
 .data.impure_data
                0x0000000020000054       0x60 c:/st/stm32cubeide_1.7.0/stm32cubeide/plugins/com.st.stm32cube.ide.mcu.externaltools.gnu-tools-for-stm32.9-2020-q2-update.win32_2.0.0.202105311346/tools/bin/../lib/gcc/arm-none-eabi/9.3.1/../../../../arm-none-eabi/lib/thumb/v7-m/nofp\libc_nano.a(lib_a-impure.o)
 *(.RamFunc)
 *(.RamFunc*)
                0x00000000200000b4                . = ALIGN (0x4)
                0x00000000200000b4                _edata = .

.igot.plt       0x00000000200000b4        0x0 load address 0x0000000008003758
 .igot.plt      0x00000000200000b4        0x0 c:/st/stm32cubeide_1.7.0/stm32cubeide/plugins/com.st.stm32cube.ide.mcu.externaltools.gnu-tools-for-stm32.9-2020-q2-update.win32_2.0.0.202105311346/tools/bin/../lib/gcc/arm-none-eabi/9.3.1/thumb/v7-m/nofp/crtbegin.o
                0x00000000200000b4                . = ALIGN (0x4)

.bss            0x00000000200000b4       0xf0 load address 0x0000000008003758
                0x00000000200000b4                _sbss = .
                0x00000000200000b4                __bss_start__ = _sbss
 *(.bss)
 .bss           0x00000000200000b4       0x1c c:/st/stm32cubeide_1.7.0/stm32cubeide/plugins/com.st.stm32cube.ide.mcu.externaltools.gnu-tools-for-stm32.9-2020-q2-update.win32_2.0.0.202105311346/tools/bin/../lib/gcc/arm-none-eabi/9.3.1/thumb/v7-m/nofp/crtbegin.o
 *(.bss*)
 .bss.temp_value
                0x00000000200000d0        0x4 ./Core/Src/global.o
                0x00000000200000d0                temp_value
 .bss.index_led
                0x00000000200000d4        0x4 ./Core/Src/global.o
                0x00000000200000d4                index_led
 .bss.AllowToExecuteAfterASecondPressed
                0x00000000200000d8        0x4 ./Core/Src/global.o
                0x00000000200000d8                AllowToExecuteAfterASecondPressed
 .bss.flagForButtonPressOneQuarterSecond
                0x00000000200000dc       0x10 ./Core/Src/global.o
                0x00000000200000dc                flagForButtonPressOneQuarterSecond
 .bss.buttonState
                0x00000000200000ec        0x1 ./Core/Src/input_processing.o
                0x00000000200000ec                buttonState
 *fill*         0x00000000200000ed        0x3 
 .bss.buttonBuffer
                0x00000000200000f0        0x4 ./Core/Src/input_reading.o
 .bss.debounceButtonBuffer1
                0x00000000200000f4        0x4 ./Core/Src/input_reading.o
 .bss.debounceButtonBuffer2
                0x00000000200000f8        0x4 ./Core/Src/input_reading.o
 .bss.flagForButtonPress1s
                0x00000000200000fc        0x4 ./Core/Src/input_reading.o
 .bss.counterForButtonPress1s
                0x0000000020000100        0x8 ./Core/Src/input_reading.o
 .bss.counterForButtonPressOneQuarterSecond
                0x0000000020000108        0x8 ./Core/Src/input_reading.o
 .bss.led_buffer
                0x0000000020000110        0x4 ./Core/Src/led7seg.o
 .bss.timer1_flag
                0x0000000020000114        0x4 ./Core/Src/software_timer.o
                0x0000000020000114                timer1_flag
 .bss.timer2_flag
                0x0000000020000118        0x4 ./Core/Src/software_timer.o
                0x0000000020000118                timer2_flag
 .bss.timer3_flag
                0x000000002000011c        0x4 ./Core/Src/software_timer.o
                0x000000002000011c                timer3_flag
 .bss.timer4_flag
                0x0000000020000120        0x4 ./Core/Src/software_timer.o
                0x0000000020000120                timer4_flag
 .bss.timer5_flag
                0x0000000020000124        0x4 ./Core/Src/software_timer.o
                0x0000000020000124                timer5_flag
 .bss.timer1_counter
                0x0000000020000128        0x4 ./Core/Src/software_timer.o
                0x0000000020000128                timer1_counter
 .bss.timer2_counter
                0x000000002000012c        0x4 ./Core/Src/software_timer.o
                0x000000002000012c                timer2_counter
 .bss.timer3_counter
                0x0000000020000130        0x4 ./Core/Src/software_timer.o
                0x0000000020000130                timer3_counter
 .bss.timer4_counter
                0x0000000020000134        0x4 ./Core/Src/software_timer.o
                0x0000000020000134                timer4_counter
 .bss.timer5_counter
                0x0000000020000138        0x4 ./Core/Src/software_timer.o
                0x0000000020000138                timer5_counter
 .bss.__sbrk_heap_end
                0x000000002000013c        0x4 ./Core/Src/sysmem.o
 .bss.__malloc_free_list
                0x0000000020000140        0x4 c:/st/stm32cubeide_1.7.0/stm32cubeide/plugins/com.st.stm32cube.ide.mcu.externaltools.gnu-tools-for-stm32.9-2020-q2-update.win32_2.0.0.202105311346/tools/bin/../lib/gcc/arm-none-eabi/9.3.1/../../../../arm-none-eabi/lib/thumb/v7-m/nofp\libc_nano.a(lib_a-nano-mallocr.o)
                0x0000000020000140                __malloc_free_list
 .bss.__malloc_sbrk_start
                0x0000000020000144        0x4 c:/st/stm32cubeide_1.7.0/stm32cubeide/plugins/com.st.stm32cube.ide.mcu.externaltools.gnu-tools-for-stm32.9-2020-q2-update.win32_2.0.0.202105311346/tools/bin/../lib/gcc/arm-none-eabi/9.3.1/../../../../arm-none-eabi/lib/thumb/v7-m/nofp\libc_nano.a(lib_a-nano-mallocr.o)
                0x0000000020000144                __malloc_sbrk_start
 *(COMMON)
 COMMON         0x0000000020000148       0x48 ./Core/Src/main.o
                0x0000000020000148                htim2
 COMMON         0x0000000020000190        0x4 ./Drivers/STM32F1xx_HAL_Driver/Src/stm32f1xx_hal.o
                0x0000000020000190                uwTick
 COMMON         0x0000000020000194        0x9 c:/st/stm32cubeide_1.7.0/stm32cubeide/plugins/com.st.stm32cube.ide.mcu.externaltools.gnu-tools-for-stm32.9-2020-q2-update.win32_2.0.0.202105311346/tools/bin/../lib/gcc/arm-none-eabi/9.3.1/../../../../arm-none-eabi/lib/thumb/v7-m/nofp\libc_nano.a(lib_a-lock.o)
                0x0000000020000194                __lock___atexit_recursive_mutex
                0x0000000020000195                __lock___arc4random_mutex
                0x0000000020000196                __lock___env_recursive_mutex
                0x0000000020000197                __lock___sinit_recursive_mutex
                0x0000000020000198                __lock___malloc_recursive_mutex
                0x0000000020000199                __lock___at_quick_exit_mutex
                0x000000002000019a                __lock___dd_hash_mutex
                0x000000002000019b                __lock___tz_mutex
                0x000000002000019c                __lock___sfp_recursive_mutex
 *fill*         0x000000002000019d        0x3 
 COMMON         0x00000000200001a0        0x4 c:/st/stm32cubeide_1.7.0/stm32cubeide/plugins/com.st.stm32cube.ide.mcu.externaltools.gnu-tools-for-stm32.9-2020-q2-update.win32_2.0.0.202105311346/tools/bin/../lib/gcc/arm-none-eabi/9.3.1/../../../../arm-none-eabi/lib/thumb/v7-m/nofp\libc_nano.a(lib_a-reent.o)
                0x00000000200001a0                errno
                0x00000000200001a4                . = ALIGN (0x4)
                0x00000000200001a4                _ebss = .
                0x00000000200001a4                __bss_end__ = _ebss

._user_heap_stack
                0x00000000200001a4      0x604 load address 0x0000000008003758
                0x00000000200001a8                . = ALIGN (0x8)
 *fill*         0x00000000200001a4        0x4 
                [!provide]                        PROVIDE (end = .)
                0x00000000200001a8                PROVIDE (_end = .)
                0x00000000200003a8                . = (. + _Min_Heap_Size)
 *fill*         0x00000000200001a8      0x200 
                0x00000000200007a8                . = (. + _Min_Stack_Size)
 *fill*         0x00000000200003a8      0x400 
                0x00000000200007a8                . = ALIGN (0x8)

/DISCARD/
 libc.a(*)
 libm.a(*)
 libgcc.a(*)

.ARM.attributes
                0x0000000000000000       0x29
 *(.ARM.attributes)
 .ARM.attributes
                0x0000000000000000       0x1d c:/st/stm32cubeide_1.7.0/stm32cubeide/plugins/com.st.stm32cube.ide.mcu.externaltools.gnu-tools-for-stm32.9-2020-q2-update.win32_2.0.0.202105311346/tools/bin/../lib/gcc/arm-none-eabi/9.3.1/thumb/v7-m/nofp/crti.o
 .ARM.attributes
                0x000000000000001d       0x2d c:/st/stm32cubeide_1.7.0/stm32cubeide/plugins/com.st.stm32cube.ide.mcu.externaltools.gnu-tools-for-stm32.9-2020-q2-update.win32_2.0.0.202105311346/tools/bin/../lib/gcc/arm-none-eabi/9.3.1/thumb/v7-m/nofp/crtbegin.o
 .ARM.attributes
                0x000000000000004a       0x33 ./Core/Src/global.o
 .ARM.attributes
                0x000000000000007d       0x2d ./Core/Src/input_processing.o
 .ARM.attributes
                0x00000000000000aa       0x2d ./Core/Src/input_reading.o
 .ARM.attributes
                0x00000000000000d7       0x2d ./Core/Src/led7seg.o
 .ARM.attributes
                0x0000000000000104       0x2d ./Core/Src/main.o
 .ARM.attributes
                0x0000000000000131       0x2d ./Core/Src/software_timer.o
 .ARM.attributes
                0x000000000000015e       0x2d ./Core/Src/stm32f1xx_hal_msp.o
 .ARM.attributes
                0x000000000000018b       0x2d ./Core/Src/stm32f1xx_it.o
 .ARM.attributes
                0x00000000000001b8       0x2d ./Core/Src/syscalls.o
 .ARM.attributes
                0x00000000000001e5       0x2d ./Core/Src/sysmem.o
 .ARM.attributes
                0x0000000000000212       0x2d ./Core/Src/system_stm32f1xx.o
 .ARM.attributes
                0x000000000000023f       0x2d ./Core/Src/timer.o
 .ARM.attributes
                0x000000000000026c       0x2d ./Core/Src/traffic_light_processing.o
 .ARM.attributes
                0x0000000000000299       0x21 ./Core/Startup/startup_stm32f103c6ux.o
 .ARM.attributes
                0x00000000000002ba       0x2d ./Drivers/STM32F1xx_HAL_Driver/Src/stm32f1xx_hal.o
 .ARM.attributes
                0x00000000000002e7       0x2d ./Drivers/STM32F1xx_HAL_Driver/Src/stm32f1xx_hal_cortex.o
 .ARM.attributes
                0x0000000000000314       0x2d ./Drivers/STM32F1xx_HAL_Driver/Src/stm32f1xx_hal_gpio.o
 .ARM.attributes
                0x0000000000000341       0x2d ./Drivers/STM32F1xx_HAL_Driver/Src/stm32f1xx_hal_rcc.o
 .ARM.attributes
                0x000000000000036e       0x2d ./Drivers/STM32F1xx_HAL_Driver/Src/stm32f1xx_hal_tim.o
 .ARM.attributes
                0x000000000000039b       0x2d ./Drivers/STM32F1xx_HAL_Driver/Src/stm32f1xx_hal_tim_ex.o
 .ARM.attributes
                0x00000000000003c8       0x2d c:/st/stm32cubeide_1.7.0/stm32cubeide/plugins/com.st.stm32cube.ide.mcu.externaltools.gnu-tools-for-stm32.9-2020-q2-update.win32_2.0.0.202105311346/tools/bin/../lib/gcc/arm-none-eabi/9.3.1/../../../../arm-none-eabi/lib/thumb/v7-m/nofp\libc_nano.a(lib_a-errno.o)
 .ARM.attributes
                0x00000000000003f5       0x2d c:/st/stm32cubeide_1.7.0/stm32cubeide/plugins/com.st.stm32cube.ide.mcu.externaltools.gnu-tools-for-stm32.9-2020-q2-update.win32_2.0.0.202105311346/tools/bin/../lib/gcc/arm-none-eabi/9.3.1/../../../../arm-none-eabi/lib/thumb/v7-m/nofp\libc_nano.a(lib_a-impure.o)
 .ARM.attributes
                0x0000000000000422       0x2d c:/st/stm32cubeide_1.7.0/stm32cubeide/plugins/com.st.stm32cube.ide.mcu.externaltools.gnu-tools-for-stm32.9-2020-q2-update.win32_2.0.0.202105311346/tools/bin/../lib/gcc/arm-none-eabi/9.3.1/../../../../arm-none-eabi/lib/thumb/v7-m/nofp\libc_nano.a(lib_a-init.o)
 .ARM.attributes
                0x000000000000044f       0x2d c:/st/stm32cubeide_1.7.0/stm32cubeide/plugins/com.st.stm32cube.ide.mcu.externaltools.gnu-tools-for-stm32.9-2020-q2-update.win32_2.0.0.202105311346/tools/bin/../lib/gcc/arm-none-eabi/9.3.1/../../../../arm-none-eabi/lib/thumb/v7-m/nofp\libc_nano.a(lib_a-memset.o)
 .ARM.attributes
                0x000000000000047c       0x2d c:/st/stm32cubeide_1.7.0/stm32cubeide/plugins/com.st.stm32cube.ide.mcu.externaltools.gnu-tools-for-stm32.9-2020-q2-update.win32_2.0.0.202105311346/tools/bin/../lib/gcc/arm-none-eabi/9.3.1/../../../../arm-none-eabi/lib/thumb/v7-m/nofp\libc_nano.a(lib_a-puts.o)
 .ARM.attributes
                0x00000000000004a9       0x2d c:/st/stm32cubeide_1.7.0/stm32cubeide/plugins/com.st.stm32cube.ide.mcu.externaltools.gnu-tools-for-stm32.9-2020-q2-update.win32_2.0.0.202105311346/tools/bin/../lib/gcc/arm-none-eabi/9.3.1/../../../../arm-none-eabi/lib/thumb/v7-m/nofp\libc_nano.a(lib_a-wbuf.o)
 .ARM.attributes
                0x00000000000004d6       0x2d c:/st/stm32cubeide_1.7.0/stm32cubeide/plugins/com.st.stm32cube.ide.mcu.externaltools.gnu-tools-for-stm32.9-2020-q2-update.win32_2.0.0.202105311346/tools/bin/../lib/gcc/arm-none-eabi/9.3.1/../../../../arm-none-eabi/lib/thumb/v7-m/nofp\libc_nano.a(lib_a-wsetup.o)
 .ARM.attributes
                0x0000000000000503       0x2d c:/st/stm32cubeide_1.7.0/stm32cubeide/plugins/com.st.stm32cube.ide.mcu.externaltools.gnu-tools-for-stm32.9-2020-q2-update.win32_2.0.0.202105311346/tools/bin/../lib/gcc/arm-none-eabi/9.3.1/../../../../arm-none-eabi/lib/thumb/v7-m/nofp\libc_nano.a(lib_a-fflush.o)
 .ARM.attributes
                0x0000000000000530       0x2d c:/st/stm32cubeide_1.7.0/stm32cubeide/plugins/com.st.stm32cube.ide.mcu.externaltools.gnu-tools-for-stm32.9-2020-q2-update.win32_2.0.0.202105311346/tools/bin/../lib/gcc/arm-none-eabi/9.3.1/../../../../arm-none-eabi/lib/thumb/v7-m/nofp\libc_nano.a(lib_a-findfp.o)
 .ARM.attributes
                0x000000000000055d       0x2d c:/st/stm32cubeide_1.7.0/stm32cubeide/plugins/com.st.stm32cube.ide.mcu.externaltools.gnu-tools-for-stm32.9-2020-q2-update.win32_2.0.0.202105311346/tools/bin/../lib/gcc/arm-none-eabi/9.3.1/../../../../arm-none-eabi/lib/thumb/v7-m/nofp\libc_nano.a(lib_a-fwalk.o)
 .ARM.attributes
                0x000000000000058a       0x2d c:/st/stm32cubeide_1.7.0/stm32cubeide/plugins/com.st.stm32cube.ide.mcu.externaltools.gnu-tools-for-stm32.9-2020-q2-update.win32_2.0.0.202105311346/tools/bin/../lib/gcc/arm-none-eabi/9.3.1/../../../../arm-none-eabi/lib/thumb/v7-m/nofp\libc_nano.a(lib_a-lock.o)
 .ARM.attributes
                0x00000000000005b7       0x2d c:/st/stm32cubeide_1.7.0/stm32cubeide/plugins/com.st.stm32cube.ide.mcu.externaltools.gnu-tools-for-stm32.9-2020-q2-update.win32_2.0.0.202105311346/tools/bin/../lib/gcc/arm-none-eabi/9.3.1/../../../../arm-none-eabi/lib/thumb/v7-m/nofp\libc_nano.a(lib_a-makebuf.o)
 .ARM.attributes
                0x00000000000005e4       0x2d c:/st/stm32cubeide_1.7.0/stm32cubeide/plugins/com.st.stm32cube.ide.mcu.externaltools.gnu-tools-for-stm32.9-2020-q2-update.win32_2.0.0.202105311346/tools/bin/../lib/gcc/arm-none-eabi/9.3.1/../../../../arm-none-eabi/lib/thumb/v7-m/nofp\libc_nano.a(lib_a-nano-freer.o)
 .ARM.attributes
                0x0000000000000611       0x2d c:/st/stm32cubeide_1.7.0/stm32cubeide/plugins/com.st.stm32cube.ide.mcu.externaltools.gnu-tools-for-stm32.9-2020-q2-update.win32_2.0.0.202105311346/tools/bin/../lib/gcc/arm-none-eabi/9.3.1/../../../../arm-none-eabi/lib/thumb/v7-m/nofp\libc_nano.a(lib_a-nano-mallocr.o)
 .ARM.attributes
                0x000000000000063e       0x2d c:/st/stm32cubeide_1.7.0/stm32cubeide/plugins/com.st.stm32cube.ide.mcu.externaltools.gnu-tools-for-stm32.9-2020-q2-update.win32_2.0.0.202105311346/tools/bin/../lib/gcc/arm-none-eabi/9.3.1/../../../../arm-none-eabi/lib/thumb/v7-m/nofp\libc_nano.a(lib_a-sbrkr.o)
 .ARM.attributes
                0x000000000000066b       0x2d c:/st/stm32cubeide_1.7.0/stm32cubeide/plugins/com.st.stm32cube.ide.mcu.externaltools.gnu-tools-for-stm32.9-2020-q2-update.win32_2.0.0.202105311346/tools/bin/../lib/gcc/arm-none-eabi/9.3.1/../../../../arm-none-eabi/lib/thumb/v7-m/nofp\libc_nano.a(lib_a-stdio.o)
 .ARM.attributes
                0x0000000000000698       0x2d c:/st/stm32cubeide_1.7.0/stm32cubeide/plugins/com.st.stm32cube.ide.mcu.externaltools.gnu-tools-for-stm32.9-2020-q2-update.win32_2.0.0.202105311346/tools/bin/../lib/gcc/arm-none-eabi/9.3.1/../../../../arm-none-eabi/lib/thumb/v7-m/nofp\libc_nano.a(lib_a-writer.o)
 .ARM.attributes
                0x00000000000006c5       0x2d c:/st/stm32cubeide_1.7.0/stm32cubeide/plugins/com.st.stm32cube.ide.mcu.externaltools.gnu-tools-for-stm32.9-2020-q2-update.win32_2.0.0.202105311346/tools/bin/../lib/gcc/arm-none-eabi/9.3.1/../../../../arm-none-eabi/lib/thumb/v7-m/nofp\libc_nano.a(lib_a-closer.o)
 .ARM.attributes
                0x00000000000006f2       0x2d c:/st/stm32cubeide_1.7.0/stm32cubeide/plugins/com.st.stm32cube.ide.mcu.externaltools.gnu-tools-for-stm32.9-2020-q2-update.win32_2.0.0.202105311346/tools/bin/../lib/gcc/arm-none-eabi/9.3.1/../../../../arm-none-eabi/lib/thumb/v7-m/nofp\libc_nano.a(lib_a-fstatr.o)
 .ARM.attributes
                0x000000000000071f       0x2d c:/st/stm32cubeide_1.7.0/stm32cubeide/plugins/com.st.stm32cube.ide.mcu.externaltools.gnu-tools-for-stm32.9-2020-q2-update.win32_2.0.0.202105311346/tools/bin/../lib/gcc/arm-none-eabi/9.3.1/../../../../arm-none-eabi/lib/thumb/v7-m/nofp\libc_nano.a(lib_a-isattyr.o)
 .ARM.attributes
                0x000000000000074c       0x2d c:/st/stm32cubeide_1.7.0/stm32cubeide/plugins/com.st.stm32cube.ide.mcu.externaltools.gnu-tools-for-stm32.9-2020-q2-update.win32_2.0.0.202105311346/tools/bin/../lib/gcc/arm-none-eabi/9.3.1/../../../../arm-none-eabi/lib/thumb/v7-m/nofp\libc_nano.a(lib_a-lseekr.o)
 .ARM.attributes
                0x0000000000000779       0x2d c:/st/stm32cubeide_1.7.0/stm32cubeide/plugins/com.st.stm32cube.ide.mcu.externaltools.gnu-tools-for-stm32.9-2020-q2-update.win32_2.0.0.202105311346/tools/bin/../lib/gcc/arm-none-eabi/9.3.1/../../../../arm-none-eabi/lib/thumb/v7-m/nofp\libc_nano.a(lib_a-mlock.o)
 .ARM.attributes
                0x00000000000007a6       0x2d c:/st/stm32cubeide_1.7.0/stm32cubeide/plugins/com.st.stm32cube.ide.mcu.externaltools.gnu-tools-for-stm32.9-2020-q2-update.win32_2.0.0.202105311346/tools/bin/../lib/gcc/arm-none-eabi/9.3.1/../../../../arm-none-eabi/lib/thumb/v7-m/nofp\libc_nano.a(lib_a-readr.o)
 .ARM.attributes
                0x00000000000007d3       0x2d c:/st/stm32cubeide_1.7.0/stm32cubeide/plugins/com.st.stm32cube.ide.mcu.externaltools.gnu-tools-for-stm32.9-2020-q2-update.win32_2.0.0.202105311346/tools/bin/../lib/gcc/arm-none-eabi/9.3.1/../../../../arm-none-eabi/lib/thumb/v7-m/nofp\libc_nano.a(lib_a-reent.o)
 .ARM.attributes
                0x0000000000000800       0x1d c:/st/stm32cubeide_1.7.0/stm32cubeide/plugins/com.st.stm32cube.ide.mcu.externaltools.gnu-tools-for-stm32.9-2020-q2-update.win32_2.0.0.202105311346/tools/bin/../lib/gcc/arm-none-eabi/9.3.1/thumb/v7-m/nofp/crtn.o
OUTPUT(midterm.elf elf32-littlearm)
LOAD linker stubs
LOAD c:/st/stm32cubeide_1.7.0/stm32cubeide/plugins/com.st.stm32cube.ide.mcu.externaltools.gnu-tools-for-stm32.9-2020-q2-update.win32_2.0.0.202105311346/tools/bin/../lib/gcc/arm-none-eabi/9.3.1/../../../../arm-none-eabi/lib/thumb/v7-m/nofp\libc.a
LOAD c:/st/stm32cubeide_1.7.0/stm32cubeide/plugins/com.st.stm32cube.ide.mcu.externaltools.gnu-tools-for-stm32.9-2020-q2-update.win32_2.0.0.202105311346/tools/bin/../lib/gcc/arm-none-eabi/9.3.1/../../../../arm-none-eabi/lib/thumb/v7-m/nofp\libm.a
LOAD c:/st/stm32cubeide_1.7.0/stm32cubeide/plugins/com.st.stm32cube.ide.mcu.externaltools.gnu-tools-for-stm32.9-2020-q2-update.win32_2.0.0.202105311346/tools/bin/../lib/gcc/arm-none-eabi/9.3.1/thumb/v7-m/nofp\libgcc.a

.debug_info     0x0000000000000000     0xd23f
 .debug_info    0x0000000000000000      0x2a6 ./Core/Src/global.o
 .debug_info    0x00000000000002a6      0xc60 ./Core/Src/input_processing.o
 .debug_info    0x0000000000000f06      0x44b ./Core/Src/input_reading.o
 .debug_info    0x0000000000001351      0x399 ./Core/Src/led7seg.o
 .debug_info    0x00000000000016ea     0x14f8 ./Core/Src/main.o
 .debug_info    0x0000000000002be2      0x21d ./Core/Src/software_timer.o
 .debug_info    0x0000000000002dff      0xa04 ./Core/Src/stm32f1xx_hal_msp.o
 .debug_info    0x0000000000003803      0x7b4 ./Core/Src/stm32f1xx_it.o
 .debug_info    0x0000000000003fb7      0xfa8 ./Core/Src/syscalls.o
 .debug_info    0x0000000000004f5f      0xa25 ./Core/Src/sysmem.o
 .debug_info    0x0000000000005984      0x2be ./Core/Src/system_stm32f1xx.o
 .debug_info    0x0000000000005c42      0x814 ./Core/Src/timer.o
 .debug_info    0x0000000000006456      0xc14 ./Core/Src/traffic_light_processing.o
 .debug_info    0x000000000000706a       0x22 ./Core/Startup/startup_stm32f103c6ux.o
 .debug_info    0x000000000000708c      0x74c ./Drivers/STM32F1xx_HAL_Driver/Src/stm32f1xx_hal.o
 .debug_info    0x00000000000077d8      0xbbe ./Drivers/STM32F1xx_HAL_Driver/Src/stm32f1xx_hal_cortex.o
 .debug_info    0x0000000000008396      0x701 ./Drivers/STM32F1xx_HAL_Driver/Src/stm32f1xx_hal_gpio.o
 .debug_info    0x0000000000008a97      0x88e ./Drivers/STM32F1xx_HAL_Driver/Src/stm32f1xx_hal_rcc.o
 .debug_info    0x0000000000009325     0x2a45 ./Drivers/STM32F1xx_HAL_Driver/Src/stm32f1xx_hal_tim.o
 .debug_info    0x000000000000bd6a     0x14d5 ./Drivers/STM32F1xx_HAL_Driver/Src/stm32f1xx_hal_tim_ex.o

.debug_abbrev   0x0000000000000000     0x2398
 .debug_abbrev  0x0000000000000000       0xa9 ./Core/Src/global.o
 .debug_abbrev  0x00000000000000a9      0x249 ./Core/Src/input_processing.o
 .debug_abbrev  0x00000000000002f2      0x15b ./Core/Src/input_reading.o
 .debug_abbrev  0x000000000000044d      0x1b6 ./Core/Src/led7seg.o
 .debug_abbrev  0x0000000000000603      0x287 ./Core/Src/main.o
 .debug_abbrev  0x000000000000088a       0xb6 ./Core/Src/software_timer.o
 .debug_abbrev  0x0000000000000940      0x1b7 ./Core/Src/stm32f1xx_hal_msp.o
 .debug_abbrev  0x0000000000000af7      0x176 ./Core/Src/stm32f1xx_it.o
 .debug_abbrev  0x0000000000000c6d      0x286 ./Core/Src/syscalls.o
 .debug_abbrev  0x0000000000000ef3      0x1bf ./Core/Src/sysmem.o
 .debug_abbrev  0x00000000000010b2      0x14e ./Core/Src/system_stm32f1xx.o
 .debug_abbrev  0x0000000000001200      0x16f ./Core/Src/timer.o
 .debug_abbrev  0x000000000000136f      0x1f8 ./Core/Src/traffic_light_processing.o
 .debug_abbrev  0x0000000000001567       0x12 ./Core/Startup/startup_stm32f103c6ux.o
 .debug_abbrev  0x0000000000001579      0x1ed ./Drivers/STM32F1xx_HAL_Driver/Src/stm32f1xx_hal.o
 .debug_abbrev  0x0000000000001766      0x313 ./Drivers/STM32F1xx_HAL_Driver/Src/stm32f1xx_hal_cortex.o
 .debug_abbrev  0x0000000000001a79      0x1e8 ./Drivers/STM32F1xx_HAL_Driver/Src/stm32f1xx_hal_gpio.o
 .debug_abbrev  0x0000000000001c61      0x273 ./Drivers/STM32F1xx_HAL_Driver/Src/stm32f1xx_hal_rcc.o
 .debug_abbrev  0x0000000000001ed4      0x25e ./Drivers/STM32F1xx_HAL_Driver/Src/stm32f1xx_hal_tim.o
 .debug_abbrev  0x0000000000002132      0x266 ./Drivers/STM32F1xx_HAL_Driver/Src/stm32f1xx_hal_tim_ex.o

.debug_aranges  0x0000000000000000      0xb80
 .debug_aranges
                0x0000000000000000       0x18 ./Core/Src/global.o
 .debug_aranges
                0x0000000000000018       0x40 ./Core/Src/input_processing.o
 .debug_aranges
                0x0000000000000058       0x38 ./Core/Src/input_reading.o
 .debug_aranges
                0x0000000000000090       0x48 ./Core/Src/led7seg.o
 .debug_aranges
                0x00000000000000d8       0x40 ./Core/Src/main.o
 .debug_aranges
                0x0000000000000118       0x50 ./Core/Src/software_timer.o
 .debug_aranges
                0x0000000000000168       0x30 ./Core/Src/stm32f1xx_hal_msp.o
 .debug_aranges
                0x0000000000000198       0x68 ./Core/Src/stm32f1xx_it.o
 .debug_aranges
                0x0000000000000200       0xa8 ./Core/Src/syscalls.o
 .debug_aranges
                0x00000000000002a8       0x20 ./Core/Src/sysmem.o
 .debug_aranges
                0x00000000000002c8       0x28 ./Core/Src/system_stm32f1xx.o
 .debug_aranges
                0x00000000000002f0       0x20 ./Core/Src/timer.o
 .debug_aranges
                0x0000000000000310       0x48 ./Core/Src/traffic_light_processing.o
 .debug_aranges
                0x0000000000000358       0x28 ./Core/Startup/startup_stm32f103c6ux.o
 .debug_aranges
                0x0000000000000380       0xe0 ./Drivers/STM32F1xx_HAL_Driver/Src/stm32f1xx_hal.o
 .debug_aranges
                0x0000000000000460      0x100 ./Drivers/STM32F1xx_HAL_Driver/Src/stm32f1xx_hal_cortex.o
 .debug_aranges
                0x0000000000000560       0x58 ./Drivers/STM32F1xx_HAL_Driver/Src/stm32f1xx_hal_gpio.o
 .debug_aranges
                0x00000000000005b8       0x90 ./Drivers/STM32F1xx_HAL_Driver/Src/stm32f1xx_hal_rcc.o
 .debug_aranges
                0x0000000000000648      0x3d0 ./Drivers/STM32F1xx_HAL_Driver/Src/stm32f1xx_hal_tim.o
 .debug_aranges
                0x0000000000000a18      0x168 ./Drivers/STM32F1xx_HAL_Driver/Src/stm32f1xx_hal_tim_ex.o

.debug_macro    0x0000000000000000    0x18e73
 .debug_macro   0x0000000000000000      0x1b0 ./Core/Src/global.o
 .debug_macro   0x00000000000001b0      0xa9c ./Core/Src/global.o
 .debug_macro   0x0000000000000c4c       0xa6 ./Core/Src/global.o
 .debug_macro   0x0000000000000cf2      0x215 ./Core/Src/global.o
 .debug_macro   0x0000000000000f07       0x2e ./Core/Src/global.o
 .debug_macro   0x0000000000000f35       0x22 ./Core/Src/global.o
 .debug_macro   0x0000000000000f57       0x22 ./Core/Src/global.o
 .debug_macro   0x0000000000000f79       0x8e ./Core/Src/global.o
 .debug_macro   0x0000000000001007       0x51 ./Core/Src/global.o
 .debug_macro   0x0000000000001058      0x103 ./Core/Src/global.o
 .debug_macro   0x000000000000115b       0x6a ./Core/Src/global.o
 .debug_macro   0x00000000000011c5      0x1df ./Core/Src/global.o
 .debug_macro   0x00000000000013a4       0x1c ./Core/Src/global.o
 .debug_macro   0x00000000000013c0       0x22 ./Core/Src/global.o
 .debug_macro   0x00000000000013e2       0xc3 ./Core/Src/global.o
 .debug_macro   0x00000000000014a5      0xd23 ./Core/Src/global.o
 .debug_macro   0x00000000000021c8     0xde75 ./Core/Src/global.o
 .debug_macro   0x000000000001003d       0x6d ./Core/Src/global.o
 .debug_macro   0x00000000000100aa     0x3468 ./Core/Src/global.o
 .debug_macro   0x0000000000013512      0x174 ./Core/Src/global.o
 .debug_macro   0x0000000000013686       0x5c ./Core/Src/global.o
 .debug_macro   0x00000000000136e2      0x5be ./Core/Src/global.o
 .debug_macro   0x0000000000013ca0      0x1b7 ./Core/Src/global.o
 .debug_macro   0x0000000000013e57      0x1cb ./Core/Src/global.o
 .debug_macro   0x0000000000014022      0x114 ./Core/Src/global.o
 .debug_macro   0x0000000000014136      0x1b2 ./Core/Src/global.o
 .debug_macro   0x00000000000142e8       0x27 ./Core/Src/global.o
 .debug_macro   0x000000000001430f      0x12f ./Core/Src/global.o
 .debug_macro   0x000000000001443e      0x1bc ./Core/Src/global.o
 .debug_macro   0x00000000000145fa       0x34 ./Core/Src/global.o
 .debug_macro   0x000000000001462e       0x3c ./Core/Src/global.o
 .debug_macro   0x000000000001466a       0x57 ./Core/Src/global.o
 .debug_macro   0x00000000000146c1       0x88 ./Core/Src/global.o
 .debug_macro   0x0000000000014749      0x183 ./Core/Src/global.o
 .debug_macro   0x00000000000148cc      0x141 ./Core/Src/global.o
 .debug_macro   0x0000000000014a0d      0x8d1 ./Core/Src/global.o
 .debug_macro   0x00000000000152de       0x69 ./Core/Src/global.o
 .debug_macro   0x0000000000015347      0x10c ./Core/Src/global.o
 .debug_macro   0x0000000000015453      0x345 ./Core/Src/input_processing.o
 .debug_macro   0x0000000000015798       0x52 ./Core/Src/input_processing.o
 .debug_macro   0x00000000000157ea       0x18 ./Core/Src/input_processing.o
 .debug_macro   0x0000000000015802       0x3c ./Core/Src/input_processing.o
 .debug_macro   0x000000000001583e       0x34 ./Core/Src/input_processing.o
 .debug_macro   0x0000000000015872       0x16 ./Core/Src/input_processing.o
 .debug_macro   0x0000000000015888       0x35 ./Core/Src/input_processing.o
 .debug_macro   0x00000000000158bd      0x333 ./Core/Src/input_processing.o
 .debug_macro   0x0000000000015bf0       0x10 ./Core/Src/input_processing.o
 .debug_macro   0x0000000000015c00       0x16 ./Core/Src/input_processing.o
 .debug_macro   0x0000000000015c16       0x43 ./Core/Src/input_processing.o
 .debug_macro   0x0000000000015c59       0x34 ./Core/Src/input_processing.o
 .debug_macro   0x0000000000015c8d       0x10 ./Core/Src/input_processing.o
 .debug_macro   0x0000000000015c9d       0x58 ./Core/Src/input_processing.o
 .debug_macro   0x0000000000015cf5       0x71 ./Core/Src/input_processing.o
 .debug_macro   0x0000000000015d66       0x1c ./Core/Src/input_processing.o
 .debug_macro   0x0000000000015d82      0x12a ./Core/Src/input_processing.o
 .debug_macro   0x0000000000015eac       0x10 ./Core/Src/input_processing.o
 .debug_macro   0x0000000000015ebc       0x1c ./Core/Src/input_processing.o
 .debug_macro   0x0000000000015ed8       0x52 ./Core/Src/input_processing.o
 .debug_macro   0x0000000000015f2a       0x22 ./Core/Src/input_processing.o
 .debug_macro   0x0000000000015f4c       0x10 ./Core/Src/input_processing.o
 .debug_macro   0x0000000000015f5c       0x40 ./Core/Src/input_processing.o
 .debug_macro   0x0000000000015f9c       0xd5 ./Core/Src/input_processing.o
 .debug_macro   0x0000000000016071       0x1c ./Core/Src/input_processing.o
 .debug_macro   0x000000000001608d       0x3d ./Core/Src/input_processing.o
 .debug_macro   0x00000000000160ca       0x16 ./Core/Src/input_processing.o
 .debug_macro   0x00000000000160e0      0x145 ./Core/Src/input_processing.o
 .debug_macro   0x0000000000016225       0x16 ./Core/Src/input_processing.o
 .debug_macro   0x000000000001623b       0x1c ./Core/Src/input_processing.o
 .debug_macro   0x0000000000016257      0x1ec ./Core/Src/input_reading.o
 .debug_macro   0x0000000000016443      0x1bd ./Core/Src/led7seg.o
 .debug_macro   0x0000000000016600      0x342 ./Core/Src/main.o
 .debug_macro   0x0000000000016942       0x10 ./Core/Src/main.o
 .debug_macro   0x0000000000016952       0x1a ./Core/Src/software_timer.o
 .debug_macro   0x000000000001696c      0x1a7 ./Core/Src/stm32f1xx_hal_msp.o
 .debug_macro   0x0000000000016b13      0x1b1 ./Core/Src/stm32f1xx_it.o
 .debug_macro   0x0000000000016cc4      0x24c ./Core/Src/syscalls.o
 .debug_macro   0x0000000000016f10       0x4c ./Core/Src/syscalls.o
 .debug_macro   0x0000000000016f5c       0x94 ./Core/Src/syscalls.o
 .debug_macro   0x0000000000016ff0       0x57 ./Core/Src/syscalls.o
 .debug_macro   0x0000000000017047      0x339 ./Core/Src/syscalls.o
 .debug_macro   0x0000000000017380       0x10 ./Core/Src/syscalls.o
 .debug_macro   0x0000000000017390       0x10 ./Core/Src/syscalls.o
 .debug_macro   0x00000000000173a0       0x10 ./Core/Src/syscalls.o
 .debug_macro   0x00000000000173b0       0x35 ./Core/Src/syscalls.o
 .debug_macro   0x00000000000173e5      0x12c ./Core/Src/syscalls.o
 .debug_macro   0x0000000000017511       0x16 ./Core/Src/syscalls.o
 .debug_macro   0x0000000000017527       0x16 ./Core/Src/syscalls.o
 .debug_macro   0x000000000001753d       0x29 ./Core/Src/syscalls.o
 .debug_macro   0x0000000000017566       0x10 ./Core/Src/syscalls.o
 .debug_macro   0x0000000000017576      0x241 ./Core/Src/syscalls.o
 .debug_macro   0x00000000000177b7       0x1c ./Core/Src/syscalls.o
 .debug_macro   0x00000000000177d3       0x10 ./Core/Src/syscalls.o
 .debug_macro   0x00000000000177e3      0x189 ./Core/Src/syscalls.o
 .debug_macro   0x000000000001796c       0x16 ./Core/Src/syscalls.o
 .debug_macro   0x0000000000017982       0xce ./Core/Src/syscalls.o
 .debug_macro   0x0000000000017a50       0xff ./Core/Src/sysmem.o
 .debug_macro   0x0000000000017b4f      0x23b ./Core/Src/sysmem.o
 .debug_macro   0x0000000000017d8a      0x198 ./Core/Src/system_stm32f1xx.o
 .debug_macro   0x0000000000017f22      0x1e6 ./Core/Src/timer.o
 .debug_macro   0x0000000000018108      0x339 ./Core/Src/traffic_light_processing.o
 .debug_macro   0x0000000000018441      0x1bc ./Drivers/STM32F1xx_HAL_Driver/Src/stm32f1xx_hal.o
 .debug_macro   0x00000000000185fd      0x198 ./Drivers/STM32F1xx_HAL_Driver/Src/stm32f1xx_hal_cortex.o
 .debug_macro   0x0000000000018795      0x203 ./Drivers/STM32F1xx_HAL_Driver/Src/stm32f1xx_hal_gpio.o
 .debug_macro   0x0000000000018998      0x1aa ./Drivers/STM32F1xx_HAL_Driver/Src/stm32f1xx_hal_rcc.o
 .debug_macro   0x0000000000018b42      0x199 ./Drivers/STM32F1xx_HAL_Driver/Src/stm32f1xx_hal_tim.o
 .debug_macro   0x0000000000018cdb      0x198 ./Drivers/STM32F1xx_HAL_Driver/Src/stm32f1xx_hal_tim_ex.o

.debug_line     0x0000000000000000     0xd43d
 .debug_line    0x0000000000000000      0x64d ./Core/Src/global.o
 .debug_line    0x000000000000064d      0xb0f ./Core/Src/input_processing.o
 .debug_line    0x000000000000115c      0x765 ./Core/Src/input_reading.o
 .debug_line    0x00000000000018c1      0x75b ./Core/Src/led7seg.o
 .debug_line    0x000000000000201c      0x9cb ./Core/Src/main.o
 .debug_line    0x00000000000029e7      0x177 ./Core/Src/software_timer.o
 .debug_line    0x0000000000002b5e      0x6a1 ./Core/Src/stm32f1xx_hal_msp.o
 .debug_line    0x00000000000031ff      0x73f ./Core/Src/stm32f1xx_it.o
 .debug_line    0x000000000000393e      0x802 ./Core/Src/syscalls.o
 .debug_line    0x0000000000004140      0x4f8 ./Core/Src/sysmem.o
 .debug_line    0x0000000000004638      0x6e3 ./Core/Src/system_stm32f1xx.o
 .debug_line    0x0000000000004d1b      0x6b7 ./Core/Src/timer.o
 .debug_line    0x00000000000053d2      0xab9 ./Core/Src/traffic_light_processing.o
 .debug_line    0x0000000000005e8b       0x87 ./Core/Startup/startup_stm32f103c6ux.o
 .debug_line    0x0000000000005f12      0x910 ./Drivers/STM32F1xx_HAL_Driver/Src/stm32f1xx_hal.o
 .debug_line    0x0000000000006822      0xaf8 ./Drivers/STM32F1xx_HAL_Driver/Src/stm32f1xx_hal_cortex.o
 .debug_line    0x000000000000731a      0x991 ./Drivers/STM32F1xx_HAL_Driver/Src/stm32f1xx_hal_gpio.o
 .debug_line    0x0000000000007cab      0xd1e ./Drivers/STM32F1xx_HAL_Driver/Src/stm32f1xx_hal_rcc.o
 .debug_line    0x00000000000089c9     0x326e ./Drivers/STM32F1xx_HAL_Driver/Src/stm32f1xx_hal_tim.o
 .debug_line    0x000000000000bc37     0x1806 ./Drivers/STM32F1xx_HAL_Driver/Src/stm32f1xx_hal_tim_ex.o

.debug_str      0x0000000000000000    0x87e69
 .debug_str     0x0000000000000000    0x7f771 ./Core/Src/global.o
                                      0x7fab7 (size before relaxing)
 .debug_str     0x000000000007f771     0x4253 ./Core/Src/input_processing.o
                                      0x83d92 (size before relaxing)
 .debug_str     0x00000000000839c4      0x1d5 ./Core/Src/input_reading.o
                                      0x7fcf2 (size before relaxing)
 .debug_str     0x0000000000083b99       0x6d ./Core/Src/led7seg.o
                                      0x7fb80 (size before relaxing)
 .debug_str     0x0000000000083c06      0x6bc ./Core/Src/main.o
                                      0x84448 (size before relaxing)
 .debug_str     0x00000000000842c2       0xb8 ./Core/Src/software_timer.o
                                       0x2ed8 (size before relaxing)
 .debug_str     0x000000000008437a      0x2ba ./Core/Src/stm32f1xx_hal_msp.o
                                      0x80011 (size before relaxing)
 .debug_str     0x0000000000084634       0xcd ./Core/Src/stm32f1xx_it.o
                                      0x7fd73 (size before relaxing)
 .debug_str     0x0000000000084701     0x176a ./Core/Src/syscalls.o
                                       0x8e89 (size before relaxing)
 .debug_str     0x0000000000085e6b       0x6b ./Core/Src/sysmem.o
                                       0x625c (size before relaxing)
 .debug_str     0x0000000000085ed6       0x52 ./Core/Src/system_stm32f1xx.o
                                      0x7f505 (size before relaxing)
 .debug_str     0x0000000000085f28       0x45 ./Core/Src/timer.o
                                      0x800aa (size before relaxing)
 .debug_str     0x0000000000085f6d       0xa6 ./Core/Src/traffic_light_processing.o
                                      0x83d40 (size before relaxing)
 .debug_str     0x0000000000086013       0x36 ./Core/Startup/startup_stm32f103c6ux.o
                                         0x70 (size before relaxing)
 .debug_str     0x0000000000086049      0x2ff ./Drivers/STM32F1xx_HAL_Driver/Src/stm32f1xx_hal.o
                                      0x7fb5c (size before relaxing)
 .debug_str     0x0000000000086348      0x300 ./Drivers/STM32F1xx_HAL_Driver/Src/stm32f1xx_hal_cortex.o
                                      0x7fb64 (size before relaxing)
 .debug_str     0x0000000000086648      0x316 ./Drivers/STM32F1xx_HAL_Driver/Src/stm32f1xx_hal_gpio.o
                                      0x7f8c9 (size before relaxing)
 .debug_str     0x000000000008695e      0x24f ./Drivers/STM32F1xx_HAL_Driver/Src/stm32f1xx_hal_rcc.o
                                      0x7f902 (size before relaxing)
 .debug_str     0x0000000000086bad      0xdce ./Drivers/STM32F1xx_HAL_Driver/Src/stm32f1xx_hal_tim.o
                                      0x808d4 (size before relaxing)
 .debug_str     0x000000000008797b      0x4ee ./Drivers/STM32F1xx_HAL_Driver/Src/stm32f1xx_hal_tim_ex.o
                                      0x80085 (size before relaxing)

.comment        0x0000000000000000       0x53
 .comment       0x0000000000000000       0x53 ./Core/Src/global.o
                                         0x54 (size before relaxing)
 .comment       0x0000000000000053       0x54 ./Core/Src/input_processing.o
 .comment       0x0000000000000053       0x54 ./Core/Src/input_reading.o
 .comment       0x0000000000000053       0x54 ./Core/Src/led7seg.o
 .comment       0x0000000000000053       0x54 ./Core/Src/main.o
 .comment       0x0000000000000053       0x54 ./Core/Src/software_timer.o
 .comment       0x0000000000000053       0x54 ./Core/Src/stm32f1xx_hal_msp.o
 .comment       0x0000000000000053       0x54 ./Core/Src/stm32f1xx_it.o
 .comment       0x0000000000000053       0x54 ./Core/Src/syscalls.o
 .comment       0x0000000000000053       0x54 ./Core/Src/sysmem.o
 .comment       0x0000000000000053       0x54 ./Core/Src/system_stm32f1xx.o
 .comment       0x0000000000000053       0x54 ./Core/Src/timer.o
 .comment       0x0000000000000053       0x54 ./Core/Src/traffic_light_processing.o
 .comment       0x0000000000000053       0x54 ./Drivers/STM32F1xx_HAL_Driver/Src/stm32f1xx_hal.o
 .comment       0x0000000000000053       0x54 ./Drivers/STM32F1xx_HAL_Driver/Src/stm32f1xx_hal_cortex.o
 .comment       0x0000000000000053       0x54 ./Drivers/STM32F1xx_HAL_Driver/Src/stm32f1xx_hal_gpio.o
 .comment       0x0000000000000053       0x54 ./Drivers/STM32F1xx_HAL_Driver/Src/stm32f1xx_hal_rcc.o
 .comment       0x0000000000000053       0x54 ./Drivers/STM32F1xx_HAL_Driver/Src/stm32f1xx_hal_tim.o
 .comment       0x0000000000000053       0x54 ./Drivers/STM32F1xx_HAL_Driver/Src/stm32f1xx_hal_tim_ex.o

.debug_ranges   0x0000000000000000      0xa40
 .debug_ranges  0x0000000000000000       0x30 ./Core/Src/input_processing.o
 .debug_ranges  0x0000000000000030       0x28 ./Core/Src/input_reading.o
 .debug_ranges  0x0000000000000058       0x38 ./Core/Src/led7seg.o
 .debug_ranges  0x0000000000000090       0x30 ./Core/Src/main.o
 .debug_ranges  0x00000000000000c0       0x40 ./Core/Src/software_timer.o
 .debug_ranges  0x0000000000000100       0x20 ./Core/Src/stm32f1xx_hal_msp.o
 .debug_ranges  0x0000000000000120       0x58 ./Core/Src/stm32f1xx_it.o
 .debug_ranges  0x0000000000000178       0x98 ./Core/Src/syscalls.o
 .debug_ranges  0x0000000000000210       0x10 ./Core/Src/sysmem.o
 .debug_ranges  0x0000000000000220       0x18 ./Core/Src/system_stm32f1xx.o
 .debug_ranges  0x0000000000000238       0x10 ./Core/Src/timer.o
 .debug_ranges  0x0000000000000248       0x38 ./Core/Src/traffic_light_processing.o
 .debug_ranges  0x0000000000000280       0x20 ./Core/Startup/startup_stm32f103c6ux.o
 .debug_ranges  0x00000000000002a0       0xd0 ./Drivers/STM32F1xx_HAL_Driver/Src/stm32f1xx_hal.o
 .debug_ranges  0x0000000000000370       0xf0 ./Drivers/STM32F1xx_HAL_Driver/Src/stm32f1xx_hal_cortex.o
 .debug_ranges  0x0000000000000460       0x48 ./Drivers/STM32F1xx_HAL_Driver/Src/stm32f1xx_hal_gpio.o
 .debug_ranges  0x00000000000004a8       0x80 ./Drivers/STM32F1xx_HAL_Driver/Src/stm32f1xx_hal_rcc.o
 .debug_ranges  0x0000000000000528      0x3c0 ./Drivers/STM32F1xx_HAL_Driver/Src/stm32f1xx_hal_tim.o
 .debug_ranges  0x00000000000008e8      0x158 ./Drivers/STM32F1xx_HAL_Driver/Src/stm32f1xx_hal_tim_ex.o

.debug_frame    0x0000000000000000     0x3330
 .debug_frame   0x0000000000000000       0xa4 ./Core/Src/input_processing.o
 .debug_frame   0x00000000000000a4       0xac ./Core/Src/input_reading.o
 .debug_frame   0x0000000000000150       0xd4 ./Core/Src/led7seg.o
 .debug_frame   0x0000000000000224       0xb0 ./Core/Src/main.o
 .debug_frame   0x00000000000002d4      0x118 ./Core/Src/software_timer.o
 .debug_frame   0x00000000000003ec       0x80 ./Core/Src/stm32f1xx_hal_msp.o
 .debug_frame   0x000000000000046c      0x120 ./Core/Src/stm32f1xx_it.o
 .debug_frame   0x000000000000058c      0x2ac ./Core/Src/syscalls.o
 .debug_frame   0x0000000000000838       0x34 ./Core/Src/sysmem.o
 .debug_frame   0x000000000000086c       0x58 ./Core/Src/system_stm32f1xx.o
 .debug_frame   0x00000000000008c4       0x34 ./Core/Src/timer.o
 .debug_frame   0x00000000000008f8       0xbc ./Core/Src/traffic_light_processing.o
 .debug_frame   0x00000000000009b4      0x334 ./Drivers/STM32F1xx_HAL_Driver/Src/stm32f1xx_hal.o
 .debug_frame   0x0000000000000ce8      0x428 ./Drivers/STM32F1xx_HAL_Driver/Src/stm32f1xx_hal_cortex.o
 .debug_frame   0x0000000000001110      0x14c ./Drivers/STM32F1xx_HAL_Driver/Src/stm32f1xx_hal_gpio.o
 .debug_frame   0x000000000000125c      0x21c ./Drivers/STM32F1xx_HAL_Driver/Src/stm32f1xx_hal_rcc.o
 .debug_frame   0x0000000000001478     0x11b8 ./Drivers/STM32F1xx_HAL_Driver/Src/stm32f1xx_hal_tim.o
 .debug_frame   0x0000000000002630      0x638 ./Drivers/STM32F1xx_HAL_Driver/Src/stm32f1xx_hal_tim_ex.o
 .debug_frame   0x0000000000002c68       0x20 c:/st/stm32cubeide_1.7.0/stm32cubeide/plugins/com.st.stm32cube.ide.mcu.externaltools.gnu-tools-for-stm32.9-2020-q2-update.win32_2.0.0.202105311346/tools/bin/../lib/gcc/arm-none-eabi/9.3.1/../../../../arm-none-eabi/lib/thumb/v7-m/nofp\libc_nano.a(lib_a-errno.o)
 .debug_frame   0x0000000000002c88       0x2c c:/st/stm32cubeide_1.7.0/stm32cubeide/plugins/com.st.stm32cube.ide.mcu.externaltools.gnu-tools-for-stm32.9-2020-q2-update.win32_2.0.0.202105311346/tools/bin/../lib/gcc/arm-none-eabi/9.3.1/../../../../arm-none-eabi/lib/thumb/v7-m/nofp\libc_nano.a(lib_a-init.o)
 .debug_frame   0x0000000000002cb4       0x20 c:/st/stm32cubeide_1.7.0/stm32cubeide/plugins/com.st.stm32cube.ide.mcu.externaltools.gnu-tools-for-stm32.9-2020-q2-update.win32_2.0.0.202105311346/tools/bin/../lib/gcc/arm-none-eabi/9.3.1/../../../../arm-none-eabi/lib/thumb/v7-m/nofp\libc_nano.a(lib_a-memset.o)
 .debug_frame   0x0000000000002cd4       0x3c c:/st/stm32cubeide_1.7.0/stm32cubeide/plugins/com.st.stm32cube.ide.mcu.externaltools.gnu-tools-for-stm32.9-2020-q2-update.win32_2.0.0.202105311346/tools/bin/../lib/gcc/arm-none-eabi/9.3.1/../../../../arm-none-eabi/lib/thumb/v7-m/nofp\libc_nano.a(lib_a-puts.o)
 .debug_frame   0x0000000000002d10       0x40 c:/st/stm32cubeide_1.7.0/stm32cubeide/plugins/com.st.stm32cube.ide.mcu.externaltools.gnu-tools-for-stm32.9-2020-q2-update.win32_2.0.0.202105311346/tools/bin/../lib/gcc/arm-none-eabi/9.3.1/../../../../arm-none-eabi/lib/thumb/v7-m/nofp\libc_nano.a(lib_a-wbuf.o)
 .debug_frame   0x0000000000002d50       0x2c c:/st/stm32cubeide_1.7.0/stm32cubeide/plugins/com.st.stm32cube.ide.mcu.externaltools.gnu-tools-for-stm32.9-2020-q2-update.win32_2.0.0.202105311346/tools/bin/../lib/gcc/arm-none-eabi/9.3.1/../../../../arm-none-eabi/lib/thumb/v7-m/nofp\libc_nano.a(lib_a-wsetup.o)
 .debug_frame   0x0000000000002d7c       0x5c c:/st/stm32cubeide_1.7.0/stm32cubeide/plugins/com.st.stm32cube.ide.mcu.externaltools.gnu-tools-for-stm32.9-2020-q2-update.win32_2.0.0.202105311346/tools/bin/../lib/gcc/arm-none-eabi/9.3.1/../../../../arm-none-eabi/lib/thumb/v7-m/nofp\libc_nano.a(lib_a-fflush.o)
 .debug_frame   0x0000000000002dd8      0x14c c:/st/stm32cubeide_1.7.0/stm32cubeide/plugins/com.st.stm32cube.ide.mcu.externaltools.gnu-tools-for-stm32.9-2020-q2-update.win32_2.0.0.202105311346/tools/bin/../lib/gcc/arm-none-eabi/9.3.1/../../../../arm-none-eabi/lib/thumb/v7-m/nofp\libc_nano.a(lib_a-findfp.o)
 .debug_frame   0x0000000000002f24       0x54 c:/st/stm32cubeide_1.7.0/stm32cubeide/plugins/com.st.stm32cube.ide.mcu.externaltools.gnu-tools-for-stm32.9-2020-q2-update.win32_2.0.0.202105311346/tools/bin/../lib/gcc/arm-none-eabi/9.3.1/../../../../arm-none-eabi/lib/thumb/v7-m/nofp\libc_nano.a(lib_a-fwalk.o)
 .debug_frame   0x0000000000002f78       0xb0 c:/st/stm32cubeide_1.7.0/stm32cubeide/plugins/com.st.stm32cube.ide.mcu.externaltools.gnu-tools-for-stm32.9-2020-q2-update.win32_2.0.0.202105311346/tools/bin/../lib/gcc/arm-none-eabi/9.3.1/../../../../arm-none-eabi/lib/thumb/v7-m/nofp\libc_nano.a(lib_a-lock.o)
 .debug_frame   0x0000000000003028       0x58 c:/st/stm32cubeide_1.7.0/stm32cubeide/plugins/com.st.stm32cube.ide.mcu.externaltools.gnu-tools-for-stm32.9-2020-q2-update.win32_2.0.0.202105311346/tools/bin/../lib/gcc/arm-none-eabi/9.3.1/../../../../arm-none-eabi/lib/thumb/v7-m/nofp\libc_nano.a(lib_a-makebuf.o)
 .debug_frame   0x0000000000003080       0x38 c:/st/stm32cubeide_1.7.0/stm32cubeide/plugins/com.st.stm32cube.ide.mcu.externaltools.gnu-tools-for-stm32.9-2020-q2-update.win32_2.0.0.202105311346/tools/bin/../lib/gcc/arm-none-eabi/9.3.1/../../../../arm-none-eabi/lib/thumb/v7-m/nofp\libc_nano.a(lib_a-nano-freer.o)
 .debug_frame   0x00000000000030b8       0x30 c:/st/stm32cubeide_1.7.0/stm32cubeide/plugins/com.st.stm32cube.ide.mcu.externaltools.gnu-tools-for-stm32.9-2020-q2-update.win32_2.0.0.202105311346/tools/bin/../lib/gcc/arm-none-eabi/9.3.1/../../../../arm-none-eabi/lib/thumb/v7-m/nofp\libc_nano.a(lib_a-nano-mallocr.o)